#
# There is insufficient memory for the Java Runtime Environment to continue.
# Native memory allocation (mmap) failed to map 18874368 bytes. Error detail: G1 virtual space
# Possible reasons:
#   The system is out of physical RAM or swap space
#   This process is running with CompressedOops enabled, and the Java Heap may be blocking the growth of the native heap
# Possible solutions:
#   Reduce memory load on the system
#   Increase physical memory or swap space
#   Check if swap backing store is full
#   Decrease Java heap size (-Xmx/-Xms)
#   Decrease number of Java threads
#   Decrease Java thread stack sizes (-Xss)
#   Set larger code cache with -XX:ReservedCodeCacheSize=
#   JVM is running with Unscaled Compressed Oops mode in which the Java heap is
#     placed in the first 4GB address space. The Java Heap base address is the
#     maximum limit for the native heap growth. Please use -XX:HeapBaseMinAddress
#     to set the Java Heap base and to place the Java Heap above 4GB virtual address.
# This output file may be truncated or incomplete.
#
#  Out of Memory Error (os_windows.cpp:3828), pid=3192, tid=19384
#
# JRE version: OpenJDK Runtime Environment (21.0.5) (build 21.0.5+-12932927-b750.29)
# Java VM: OpenJDK 64-Bit Server VM (21.0.5+-12932927-b750.29, mixed mode, tiered, compressed oops, compressed class ptrs, g1 gc, windows-amd64)
# No core dump will be written. Minidumps are not enabled by default on client versions of Windows
#

---------------  S U M M A R Y ------------

Command Line: --add-opens=java.base/java.lang=ALL-UNNAMED --add-opens=java.base/java.lang.invoke=ALL-UNNAMED --add-opens=java.base/java.util=ALL-UNNAMED --add-opens=java.prefs/java.util.prefs=ALL-UNNAMED --add-exports=jdk.compiler/com.sun.tools.javac.api=ALL-UNNAMED --add-exports=jdk.compiler/com.sun.tools.javac.util=ALL-UNNAMED --add-opens=java.base/java.util=ALL-UNNAMED --add-opens=java.prefs/java.util.prefs=ALL-UNNAMED --add-opens=java.base/java.nio.charset=ALL-UNNAMED --add-opens=java.base/java.net=ALL-UNNAMED --add-opens=java.base/java.util.concurrent.atomic=ALL-UNNAMED --add-opens=java.xml/javax.xml.namespace=ALL-UNNAMED -Xmx2048m -Dfile.encoding=UTF-8 -Duser.country=PL -Duser.language=pl -Duser.variant -javaagent:C:\Users\4P_2\.gradle\wrapper\dists\gradle-8.11.1-bin\bpt9gzteqjrbo1mjrsomdt32c\gradle-8.11.1\lib\agents\gradle-instrumentation-agent-8.11.1.jar org.gradle.launcher.daemon.bootstrap.GradleDaemon 8.11.1

Host: Intel(R) Core(TM) i5-10400 CPU @ 2.90GHz, 12 cores, 7G,  Windows 11 , 64 bit Build 26100 (10.0.26100.3775)
Time: Mon May 19 08:01:37 2025  Windows 11 , 64 bit Build 26100 (10.0.26100.3775) elapsed time: 5.161032 seconds (0d 0h 0m 5s)

---------------  T H R E A D  ---------------

Current thread (0x000001f5e771d4b0):  VMThread "VM Thread"          [id=19384, stack(0x00000093a4a00000,0x00000093a4b00000) (1024K)]

Stack: [0x00000093a4a00000,0x00000093a4b00000]
Native frames: (J=compiled Java code, j=interpreted, Vv=VM code, C=native code)
V  [jvm.dll+0x6cfb29]
V  [jvm.dll+0x85ded3]
V  [jvm.dll+0x86042e]
V  [jvm.dll+0x860b13]
V  [jvm.dll+0x27e6b6]
V  [jvm.dll+0x6cc385]
V  [jvm.dll+0x6c078a]
V  [jvm.dll+0x35525b]
V  [jvm.dll+0x35ceb6]
V  [jvm.dll+0x3aedd6]
V  [jvm.dll+0x3af0a8]
V  [jvm.dll+0x32792c]
V  [jvm.dll+0x3279b7]
V  [jvm.dll+0x36d80c]
V  [jvm.dll+0x36bfbe]
V  [jvm.dll+0x327081]
V  [jvm.dll+0x36b6d0]
V  [jvm.dll+0x866898]
V  [jvm.dll+0x867c14]
V  [jvm.dll+0x868150]
V  [jvm.dll+0x8683e3]
V  [jvm.dll+0x806368]
V  [jvm.dll+0x6ce3fd]
C  [ucrtbase.dll+0x37b0]
C  [KERNEL32.DLL+0x2e8d7]
C  [ntdll.dll+0xb14fc]

VM_Operation (0x00000093a62f83d0): G1CollectForAllocation, mode: safepoint, requested by thread 0x000001f5edbee6f0


---------------  P R O C E S S  ---------------

Threads class SMR info:
_java_thread_list=0x000001f5ef7a18e0, length=34, elements={
0x000001f5cfbf0040, 0x000001f5e78e4c50, 0x000001f5e78e56a0, 0x000001f5e78e5f60,
0x000001f5e78e65c0, 0x000001f5e78f9f60, 0x000001f5e78fd730, 0x000001f5e79009d0,
0x000001f5e7905580, 0x000001f5e78fd0a0, 0x000001f5e78feae0, 0x000001f5e7c5e880,
0x000001f5ec113310, 0x000001f5e78fddc0, 0x000001f5e78ff800, 0x000001f5e78fe450,
0x000001f5e78ff170, 0x000001f5e78ffe90, 0x000001f5e78fca10, 0x000001f5edbee6f0,
0x000001f5edbeed80, 0x000001f5edbef410, 0x000001f5edbf07c0, 0x000001f5edbf0e50,
0x000001f5edbefaa0, 0x000001f5edbee060, 0x000001f5edbf2890, 0x000001f5edbf14e0,
0x000001f5edbf1b70, 0x000001f5edbf2200, 0x000001f5edbf35b0, 0x000001f5edbf2f20,
0x000001f5edbf0130, 0x000001f5edbf5680
}

Java Threads: ( => current thread )
  0x000001f5cfbf0040 JavaThread "main"                              [_thread_blocked, id=10624, stack(0x00000093a4300000,0x00000093a4400000) (1024K)]
  0x000001f5e78e4c50 JavaThread "Reference Handler"          daemon [_thread_blocked, id=23496, stack(0x00000093a4b00000,0x00000093a4c00000) (1024K)]
  0x000001f5e78e56a0 JavaThread "Finalizer"                  daemon [_thread_blocked, id=20388, stack(0x00000093a4c00000,0x00000093a4d00000) (1024K)]
  0x000001f5e78e5f60 JavaThread "Signal Dispatcher"          daemon [_thread_blocked, id=10456, stack(0x00000093a4d00000,0x00000093a4e00000) (1024K)]
  0x000001f5e78e65c0 JavaThread "Attach Listener"            daemon [_thread_blocked, id=21068, stack(0x00000093a4e00000,0x00000093a4f00000) (1024K)]
  0x000001f5e78f9f60 JavaThread "Service Thread"             daemon [_thread_blocked, id=14268, stack(0x00000093a4f00000,0x00000093a5000000) (1024K)]
  0x000001f5e78fd730 JavaThread "Monitor Deflation Thread"   daemon [_thread_blocked, id=5728, stack(0x00000093a5000000,0x00000093a5100000) (1024K)]
  0x000001f5e79009d0 JavaThread "C2 CompilerThread0"         daemon [_thread_blocked, id=8532, stack(0x00000093a5100000,0x00000093a5200000) (1024K)]
  0x000001f5e7905580 JavaThread "C1 CompilerThread0"         daemon [_thread_blocked, id=10012, stack(0x00000093a5200000,0x00000093a5300000) (1024K)]
  0x000001f5e78fd0a0 JavaThread "Common-Cleaner"             daemon [_thread_blocked, id=5868, stack(0x00000093a5300000,0x00000093a5400000) (1024K)]
  0x000001f5e78feae0 JavaThread "Notification Thread"        daemon [_thread_blocked, id=10892, stack(0x00000093a5400000,0x00000093a5500000) (1024K)]
  0x000001f5e7c5e880 JavaThread "C2 CompilerThread1"         daemon [_thread_blocked, id=10956, stack(0x00000093a5500000,0x00000093a5600000) (1024K)]
  0x000001f5ec113310 JavaThread "C2 CompilerThread2"         daemon [_thread_blocked, id=424, stack(0x00000093a5800000,0x00000093a5900000) (1024K)]
  0x000001f5e78fddc0 JavaThread "Daemon health stats"               [_thread_blocked, id=22596, stack(0x00000093a5c00000,0x00000093a5d00000) (1024K)]
  0x000001f5e78ff800 JavaThread "Incoming local TCP Connector on port 60244"        [_thread_in_native, id=17152, stack(0x00000093a5d00000,0x00000093a5e00000) (1024K)]
  0x000001f5e78fe450 JavaThread "Daemon periodic checks"            [_thread_blocked, id=7800, stack(0x00000093a5e00000,0x00000093a5f00000) (1024K)]
  0x000001f5e78ff170 JavaThread "Daemon"                            [_thread_blocked, id=2304, stack(0x00000093a5f00000,0x00000093a6000000) (1024K)]
  0x000001f5e78ffe90 JavaThread "Handler for socket connection from /127.0.0.1:60244 to /127.0.0.1:60245"        [_thread_in_native, id=7056, stack(0x00000093a6000000,0x00000093a6100000) (1024K)]
  0x000001f5e78fca10 JavaThread "Cancel handler"                    [_thread_blocked, id=4936, stack(0x00000093a6100000,0x00000093a6200000) (1024K)]
  0x000001f5edbee6f0 JavaThread "Daemon worker"                     [_thread_blocked, id=7568, stack(0x00000093a6200000,0x00000093a6300000) (1024K)]
  0x000001f5edbeed80 JavaThread "Asynchronous log dispatcher for DefaultDaemonConnection: socket connection from /127.0.0.1:60244 to /127.0.0.1:60245"        [_thread_blocked, id=15668, stack(0x00000093a6300000,0x00000093a6400000) (1024K)]
  0x000001f5edbef410 JavaThread "Stdin handler"                     [_thread_blocked, id=5244, stack(0x00000093a6400000,0x00000093a6500000) (1024K)]
  0x000001f5edbf07c0 JavaThread "Daemon client event forwarder"        [_thread_blocked, id=8112, stack(0x00000093a6500000,0x00000093a6600000) (1024K)]
  0x000001f5edbf0e50 JavaThread "Cache worker for journal cache (C:\Users\4P_2\.gradle\caches\journal-1)"        [_thread_blocked, id=9772, stack(0x00000093a6c00000,0x00000093a6d00000) (1024K)]
  0x000001f5edbefaa0 JavaThread "File lock request listener"        [_thread_in_native, id=10036, stack(0x00000093a6d00000,0x00000093a6e00000) (1024K)]
  0x000001f5edbee060 JavaThread "Cache worker for file hash cache (C:\Users\4P_2\.gradle\caches\8.11.1\fileHashes)"        [_thread_blocked, id=11912, stack(0x00000093a6e00000,0x00000093a6f00000) (1024K)]
  0x000001f5edbf2890 JavaThread "Cache worker for file content cache (C:\Users\4P_2\.gradle\caches\8.11.1\fileContent)"        [_thread_blocked, id=2232, stack(0x00000093a6f00000,0x00000093a7000000) (1024K)]
  0x000001f5edbf14e0 JavaThread "Cache worker for file hash cache (C:\Users\4P_2\Desktop\PowerSweeper\PowerSweeper\.gradle\8.11.1\fileHashes)"        [_thread_blocked, id=8984, stack(0x00000093a7000000,0x00000093a7100000) (1024K)]
  0x000001f5edbf1b70 JavaThread "Cache worker for Build Output Cleanup Cache (C:\Users\4P_2\Desktop\PowerSweeper\PowerSweeper\.gradle\buildOutputCleanup)"        [_thread_blocked, id=20816, stack(0x00000093a7100000,0x00000093a7200000) (1024K)]
  0x000001f5edbf2200 JavaThread "File watcher server"        daemon [_thread_in_native, id=15324, stack(0x00000093a7200000,0x00000093a7300000) (1024K)]
  0x000001f5edbf35b0 JavaThread "File watcher consumer"      daemon [_thread_blocked, id=9684, stack(0x00000093a7300000,0x00000093a7400000) (1024K)]
  0x000001f5edbf2f20 JavaThread "Cache worker for checksums cache (C:\Users\4P_2\Desktop\PowerSweeper\PowerSweeper\.gradle\8.11.1\checksums)"        [_thread_blocked, id=20148, stack(0x00000093a7400000,0x00000093a7500000) (1024K)]
  0x000001f5edbf0130 JavaThread "Cache worker for cache directory md-rule (C:\Users\4P_2\.gradle\caches\8.11.1\md-rule)"        [_thread_blocked, id=17916, stack(0x00000093a7500000,0x00000093a7600000) (1024K)]
  0x000001f5edbf5680 JavaThread "Cache worker for cache directory md-supplier (C:\Users\4P_2\.gradle\caches\8.11.1\md-supplier)"        [_thread_blocked, id=10580, stack(0x00000093a7600000,0x00000093a7700000) (1024K)]
Total: 34

Other Threads:
=>0x000001f5e771d4b0 VMThread "VM Thread"                           [id=19384, stack(0x00000093a4a00000,0x00000093a4b00000) (1024K)]
  0x000001f5e76be9d0 WatcherThread "VM Periodic Task Thread"        [id=2616, stack(0x00000093a4900000,0x00000093a4a00000) (1024K)]
  0x000001f5cd9ee060 WorkerThread "GC Thread#0"                     [id=19324, stack(0x00000093a4400000,0x00000093a4500000) (1024K)]
  0x000001f5ec545a30 WorkerThread "GC Thread#1"                     [id=6896, stack(0x00000093a5600000,0x00000093a5700000) (1024K)]
  0x000001f5ec5d2610 WorkerThread "GC Thread#2"                     [id=3572, stack(0x00000093a5700000,0x00000093a5800000) (1024K)]
  0x000001f5ecda9d60 WorkerThread "GC Thread#3"                     [id=22884, stack(0x00000093a5900000,0x00000093a5a00000) (1024K)]
  0x000001f5ec37efc0 WorkerThread "GC Thread#4"                     [id=7964, stack(0x00000093a5a00000,0x00000093a5b00000) (1024K)]
  0x000001f5ed162a10 WorkerThread "GC Thread#5"                     [id=12656, stack(0x00000093a5b00000,0x00000093a5c00000) (1024K)]
  0x000001f5ed891760 WorkerThread "GC Thread#6"                     [id=20548, stack(0x00000093a6600000,0x00000093a6700000) (1024K)]
  0x000001f5ed8913c0 WorkerThread "GC Thread#7"                     [id=13132, stack(0x00000093a6700000,0x00000093a6800000) (1024K)]
  0x000001f5ed891b00 WorkerThread "GC Thread#8"                     [id=11112, stack(0x00000093a6800000,0x00000093a6900000) (1024K)]
  0x000001f5ed891ea0 WorkerThread "GC Thread#9"                     [id=13024, stack(0x00000093a6900000,0x00000093a6a00000) (1024K)]
  0x000001f5cfc56580 ConcurrentGCThread "G1 Main Marker"            [id=16116, stack(0x00000093a4500000,0x00000093a4600000) (1024K)]
  0x000001f5cfc57dd0 WorkerThread "G1 Conc#0"                       [id=23060, stack(0x00000093a4600000,0x00000093a4700000) (1024K)]
  0x000001f5ed890540 WorkerThread "G1 Conc#1"                       [id=19844, stack(0x00000093a6a00000,0x00000093a6b00000) (1024K)]
  0x000001f5ed8908e0 WorkerThread "G1 Conc#2"                       [id=18556, stack(0x00000093a6b00000,0x00000093a6c00000) (1024K)]
  0x000001f5cfcae020 ConcurrentGCThread "G1 Refine#0"               [id=22372, stack(0x00000093a4700000,0x00000093a4800000) (1024K)]
  0x000001f5cfcaeaa0 ConcurrentGCThread "G1 Service"                [id=15856, stack(0x00000093a4800000,0x00000093a4900000) (1024K)]
Total: 18

Threads with active compile tasks:
Total: 0

VM state: at safepoint (normal execution)

VM Mutex/Monitor currently owned by a thread:  ([mutex/lock_event])
[0x00007ffc2bf2d360] Threads_lock - owner thread: 0x000001f5e771d4b0
[0x00007ffc2bf2d460] Heap_lock - owner thread: 0x000001f5edbee6f0

Heap address: 0x0000000080000000, size: 2048 MB, Compressed Oops mode: 32-bit

CDS archive(s) not mapped
Compressed class space mapped at: 0x0000000100000000-0x0000000140000000, reserved size: 1073741824
Narrow klass base: 0x0000000000000000, Narrow klass shift: 3, Narrow klass range: 0x140000000

GC Precious Log:
 CardTable entry size: 512
 Card Set container configuration: InlinePtr #cards 5 size 8 Array Of Cards #cards 12 size 40 Howl #buckets 4 coarsen threshold 1843 Howl Bitmap #cards 512 size 80 coarsen threshold 460 Card regions per heap region 1 cards per card region 2048
 CPUs: 12 total, 12 available
 Memory: 7939M
 Large Page Support: Disabled
 NUMA Support: Disabled
 Compressed Oops: Enabled (32-bit)
 Heap Region Size: 1M
 Heap Min Capacity: 8M
 Heap Initial Capacity: 126M
 Heap Max Capacity: 2G
 Pre-touch: Disabled
 Parallel Workers: 10
 Concurrent Workers: 3
 Concurrent Refinement Workers: 10
 Periodic GC: Disabled

Heap:
 garbage-first heap   total 88064K, used 30251K [0x0000000080000000, 0x0000000100000000)
  region size 1024K, 6 young (6144K), 6 survivors (6144K)
 Metaspace       used 43764K, committed 44928K, reserved 1114112K
  class space    used 5871K, committed 6464K, reserved 1048576K

Heap Regions: E=young(eden), S=young(survivor), O=old, HS=humongous(starts), HC=humongous(continues), CS=collection set, F=free, TAMS=top-at-mark-start, PB=parsable bottom
|   0|0x0000000080000000, 0x0000000080100000, 0x0000000080100000|100%| O|  |TAMS 0x0000000080000000| PB 0x0000000080000000| Untracked 
|   1|0x0000000080100000, 0x0000000080200000, 0x0000000080200000|100%|HS|  |TAMS 0x0000000080100000| PB 0x0000000080100000| Complete 
|   2|0x0000000080200000, 0x0000000080300000, 0x0000000080300000|100%|HC|  |TAMS 0x0000000080200000| PB 0x0000000080200000| Complete 
|   3|0x0000000080300000, 0x0000000080400000, 0x0000000080400000|100%|HC|  |TAMS 0x0000000080300000| PB 0x0000000080300000| Complete 
|   4|0x0000000080400000, 0x0000000080500000, 0x0000000080500000|100%| O|Cm|TAMS 0x0000000080400000| PB 0x0000000080400000| Complete 
|   5|0x0000000080500000, 0x0000000080600000, 0x0000000080600000|100%| O|  |TAMS 0x0000000080500000| PB 0x0000000080500000| Untracked 
|   6|0x0000000080600000, 0x0000000080700000, 0x0000000080700000|100%| O|  |TAMS 0x0000000080600000| PB 0x0000000080600000| Untracked 
|   7|0x0000000080700000, 0x0000000080800000, 0x0000000080800000|100%|HS|  |TAMS 0x0000000080700000| PB 0x0000000080700000| Complete 
|   8|0x0000000080800000, 0x0000000080900000, 0x0000000080900000|100%| O|  |TAMS 0x0000000080800000| PB 0x0000000080800000| Untracked 
|   9|0x0000000080900000, 0x0000000080a00000, 0x0000000080a00000|100%| O|  |TAMS 0x0000000080900000| PB 0x0000000080900000| Untracked 
|  10|0x0000000080a00000, 0x0000000080b00000, 0x0000000080b00000|100%| O|  |TAMS 0x0000000080a00000| PB 0x0000000080a00000| Untracked 
|  11|0x0000000080b00000, 0x0000000080c00000, 0x0000000080c00000|100%| O|  |TAMS 0x0000000080b00000| PB 0x0000000080b00000| Untracked 
|  12|0x0000000080c00000, 0x0000000080d00000, 0x0000000080d00000|100%| O|  |TAMS 0x0000000080c00000| PB 0x0000000080c00000| Untracked 
|  13|0x0000000080d00000, 0x0000000080e00000, 0x0000000080e00000|100%| O|  |TAMS 0x0000000080d00000| PB 0x0000000080d00000| Untracked 
|  14|0x0000000080e00000, 0x0000000080f00000, 0x0000000080f00000|100%| O|  |TAMS 0x0000000080e00000| PB 0x0000000080e00000| Untracked 
|  15|0x0000000080f00000, 0x0000000081000000, 0x0000000081000000|100%| O|  |TAMS 0x0000000080f00000| PB 0x0000000080f00000| Untracked 
|  16|0x0000000081000000, 0x0000000081100000, 0x0000000081100000|100%| O|  |TAMS 0x0000000081000000| PB 0x0000000081000000| Untracked 
|  17|0x0000000081100000, 0x0000000081200000, 0x0000000081200000|100%| O|  |TAMS 0x0000000081100000| PB 0x0000000081100000| Untracked 
|  18|0x0000000081200000, 0x000000008128ac50, 0x0000000081300000| 54%| O|  |TAMS 0x0000000081200000| PB 0x0000000081200000| Untracked 
|  19|0x0000000081300000, 0x0000000081300000, 0x0000000081400000|  0%| F|  |TAMS 0x0000000081300000| PB 0x0000000081300000| Untracked 
|  20|0x0000000081400000, 0x0000000081400000, 0x0000000081500000|  0%| F|  |TAMS 0x0000000081400000| PB 0x0000000081400000| Untracked 
|  21|0x0000000081500000, 0x0000000081500000, 0x0000000081600000|  0%| F|  |TAMS 0x0000000081500000| PB 0x0000000081500000| Untracked 
|  22|0x0000000081600000, 0x0000000081600000, 0x0000000081700000|  0%| F|  |TAMS 0x0000000081600000| PB 0x0000000081600000| Untracked 
|  23|0x0000000081700000, 0x0000000081700000, 0x0000000081800000|  0%| F|  |TAMS 0x0000000081700000| PB 0x0000000081700000| Untracked 
|  24|0x0000000081800000, 0x0000000081800000, 0x0000000081900000|  0%| F|  |TAMS 0x0000000081800000| PB 0x0000000081800000| Untracked 
|  25|0x0000000081900000, 0x0000000081900000, 0x0000000081a00000|  0%| F|  |TAMS 0x0000000081900000| PB 0x0000000081900000| Untracked 
|  26|0x0000000081a00000, 0x0000000081a00000, 0x0000000081b00000|  0%| F|  |TAMS 0x0000000081a00000| PB 0x0000000081a00000| Untracked 
|  27|0x0000000081b00000, 0x0000000081c00000, 0x0000000081c00000|100%| S|CS|TAMS 0x0000000081b00000| PB 0x0000000081b00000| Complete 
|  28|0x0000000081c00000, 0x0000000081d00000, 0x0000000081d00000|100%| S|CS|TAMS 0x0000000081c00000| PB 0x0000000081c00000| Complete 
|  29|0x0000000081d00000, 0x0000000081e00000, 0x0000000081e00000|100%| S|CS|TAMS 0x0000000081d00000| PB 0x0000000081d00000| Complete 
|  30|0x0000000081e00000, 0x0000000081f00000, 0x0000000081f00000|100%| S|CS|TAMS 0x0000000081e00000| PB 0x0000000081e00000| Complete 
|  31|0x0000000081f00000, 0x0000000082000000, 0x0000000082000000|100%| S|CS|TAMS 0x0000000081f00000| PB 0x0000000081f00000| Complete 
|  32|0x0000000082000000, 0x0000000082100000, 0x0000000082100000|100%| S|CS|TAMS 0x0000000082000000| PB 0x0000000082000000| Complete 
|  33|0x0000000082100000, 0x0000000082100000, 0x0000000082200000|  0%| F|  |TAMS 0x0000000082100000| PB 0x0000000082100000| Untracked 
|  34|0x0000000082200000, 0x0000000082200000, 0x0000000082300000|  0%| F|  |TAMS 0x0000000082200000| PB 0x0000000082200000| Untracked 
|  35|0x0000000082300000, 0x0000000082300000, 0x0000000082400000|  0%| F|  |TAMS 0x0000000082300000| PB 0x0000000082300000| Untracked 
|  36|0x0000000082400000, 0x0000000082400000, 0x0000000082500000|  0%| F|  |TAMS 0x0000000082400000| PB 0x0000000082400000| Untracked 
|  37|0x0000000082500000, 0x0000000082500000, 0x0000000082600000|  0%| F|  |TAMS 0x0000000082500000| PB 0x0000000082500000| Untracked 
|  38|0x0000000082600000, 0x0000000082600000, 0x0000000082700000|  0%| F|  |TAMS 0x0000000082600000| PB 0x0000000082600000| Untracked 
|  39|0x0000000082700000, 0x0000000082700000, 0x0000000082800000|  0%| F|  |TAMS 0x0000000082700000| PB 0x0000000082700000| Untracked 
|  40|0x0000000082800000, 0x0000000082800000, 0x0000000082900000|  0%| F|  |TAMS 0x0000000082800000| PB 0x0000000082800000| Untracked 
|  41|0x0000000082900000, 0x0000000082900000, 0x0000000082a00000|  0%| F|  |TAMS 0x0000000082900000| PB 0x0000000082900000| Untracked 
|  42|0x0000000082a00000, 0x0000000082a00000, 0x0000000082b00000|  0%| F|  |TAMS 0x0000000082a00000| PB 0x0000000082a00000| Untracked 
|  43|0x0000000082b00000, 0x0000000082b00000, 0x0000000082c00000|  0%| F|  |TAMS 0x0000000082b00000| PB 0x0000000082b00000| Untracked 
|  44|0x0000000082c00000, 0x0000000082c00000, 0x0000000082d00000|  0%| F|  |TAMS 0x0000000082c00000| PB 0x0000000082c00000| Untracked 
|  45|0x0000000082d00000, 0x0000000082d00000, 0x0000000082e00000|  0%| F|  |TAMS 0x0000000082d00000| PB 0x0000000082d00000| Untracked 
|  46|0x0000000082e00000, 0x0000000082e00000, 0x0000000082f00000|  0%| F|  |TAMS 0x0000000082e00000| PB 0x0000000082e00000| Untracked 
|  47|0x0000000082f00000, 0x0000000082f00000, 0x0000000083000000|  0%| F|  |TAMS 0x0000000082f00000| PB 0x0000000082f00000| Untracked 
|  48|0x0000000083000000, 0x0000000083000000, 0x0000000083100000|  0%| F|  |TAMS 0x0000000083000000| PB 0x0000000083000000| Untracked 
|  49|0x0000000083100000, 0x0000000083100000, 0x0000000083200000|  0%| F|  |TAMS 0x0000000083100000| PB 0x0000000083100000| Untracked 
|  50|0x0000000083200000, 0x0000000083200000, 0x0000000083300000|  0%| F|  |TAMS 0x0000000083200000| PB 0x0000000083200000| Untracked 
|  51|0x0000000083300000, 0x0000000083300000, 0x0000000083400000|  0%| F|  |TAMS 0x0000000083300000| PB 0x0000000083300000| Untracked 
|  52|0x0000000083400000, 0x0000000083400000, 0x0000000083500000|  0%| F|  |TAMS 0x0000000083400000| PB 0x0000000083400000| Untracked 
|  53|0x0000000083500000, 0x0000000083500000, 0x0000000083600000|  0%| F|  |TAMS 0x0000000083500000| PB 0x0000000083500000| Untracked 
|  54|0x0000000083600000, 0x0000000083600000, 0x0000000083700000|  0%| F|  |TAMS 0x0000000083600000| PB 0x0000000083600000| Untracked 
|  55|0x0000000083700000, 0x0000000083700000, 0x0000000083800000|  0%| F|  |TAMS 0x0000000083700000| PB 0x0000000083700000| Untracked 
|  56|0x0000000083800000, 0x0000000083800000, 0x0000000083900000|  0%| F|  |TAMS 0x0000000083800000| PB 0x0000000083800000| Untracked 
|  57|0x0000000083900000, 0x0000000083900000, 0x0000000083a00000|  0%| F|  |TAMS 0x0000000083900000| PB 0x0000000083900000| Untracked 
|  58|0x0000000083a00000, 0x0000000083a00000, 0x0000000083b00000|  0%| F|  |TAMS 0x0000000083a00000| PB 0x0000000083a00000| Untracked 
|  59|0x0000000083b00000, 0x0000000083b00000, 0x0000000083c00000|  0%| F|  |TAMS 0x0000000083b00000| PB 0x0000000083b00000| Untracked 
|  60|0x0000000083c00000, 0x0000000083c00000, 0x0000000083d00000|  0%| F|  |TAMS 0x0000000083c00000| PB 0x0000000083c00000| Untracked 
|  61|0x0000000083d00000, 0x0000000083d00000, 0x0000000083e00000|  0%| F|  |TAMS 0x0000000083d00000| PB 0x0000000083d00000| Untracked 
|  62|0x0000000083e00000, 0x0000000083e00000, 0x0000000083f00000|  0%| F|  |TAMS 0x0000000083e00000| PB 0x0000000083e00000| Untracked 
|  63|0x0000000083f00000, 0x0000000083f00000, 0x0000000084000000|  0%| F|  |TAMS 0x0000000083f00000| PB 0x0000000083f00000| Untracked 
|  64|0x0000000084000000, 0x0000000084000000, 0x0000000084100000|  0%| F|  |TAMS 0x0000000084000000| PB 0x0000000084000000| Untracked 
|  65|0x0000000084100000, 0x0000000084100000, 0x0000000084200000|  0%| F|  |TAMS 0x0000000084100000| PB 0x0000000084100000| Untracked 
|  66|0x0000000084200000, 0x0000000084200000, 0x0000000084300000|  0%| F|  |TAMS 0x0000000084200000| PB 0x0000000084200000| Untracked 
|  67|0x0000000084300000, 0x0000000084300000, 0x0000000084400000|  0%| F|  |TAMS 0x0000000084300000| PB 0x0000000084300000| Untracked 
|  68|0x0000000084400000, 0x0000000084400000, 0x0000000084500000|  0%| F|  |TAMS 0x0000000084400000| PB 0x0000000084400000| Untracked 
|  69|0x0000000084500000, 0x0000000084500000, 0x0000000084600000|  0%| F|  |TAMS 0x0000000084500000| PB 0x0000000084500000| Untracked 
|  70|0x0000000084600000, 0x0000000084600000, 0x0000000084700000|  0%| F|  |TAMS 0x0000000084600000| PB 0x0000000084600000| Untracked 
|  93|0x0000000085d00000, 0x0000000085d00000, 0x0000000085e00000|  0%| F|  |TAMS 0x0000000085d00000| PB 0x0000000085d00000| Untracked 
|  94|0x0000000085e00000, 0x0000000085e00000, 0x0000000085f00000|  0%| F|  |TAMS 0x0000000085e00000| PB 0x0000000085e00000| Untracked 
|  95|0x0000000085f00000, 0x0000000085f00000, 0x0000000086000000|  0%| F|  |TAMS 0x0000000085f00000| PB 0x0000000085f00000| Untracked 
|  96|0x0000000086000000, 0x0000000086000000, 0x0000000086100000|  0%| F|  |TAMS 0x0000000086000000| PB 0x0000000086000000| Untracked 
|  97|0x0000000086100000, 0x0000000086100000, 0x0000000086200000|  0%| F|  |TAMS 0x0000000086100000| PB 0x0000000086100000| Untracked 
|  98|0x0000000086200000, 0x0000000086200000, 0x0000000086300000|  0%| F|  |TAMS 0x0000000086200000| PB 0x0000000086200000| Untracked 
|  99|0x0000000086300000, 0x0000000086300000, 0x0000000086400000|  0%| F|  |TAMS 0x0000000086300000| PB 0x0000000086300000| Untracked 
| 100|0x0000000086400000, 0x0000000086400000, 0x0000000086500000|  0%| F|  |TAMS 0x0000000086400000| PB 0x0000000086400000| Untracked 
| 101|0x0000000086500000, 0x0000000086500000, 0x0000000086600000|  0%| F|  |TAMS 0x0000000086500000| PB 0x0000000086500000| Untracked 
| 125|0x0000000087d00000, 0x0000000087d00000, 0x0000000087e00000|  0%| F|  |TAMS 0x0000000087d00000| PB 0x0000000087d00000| Untracked 
|2043|0x00000000ffb00000, 0x00000000ffc00000, 0x00000000ffc00000|100%| O|  |TAMS 0x00000000ffb00000| PB 0x00000000ffb00000| Untracked 
|2044|0x00000000ffc00000, 0x00000000ffd00000, 0x00000000ffd00000|100%| O|  |TAMS 0x00000000ffc00000| PB 0x00000000ffc00000| Untracked 
|2045|0x00000000ffd00000, 0x00000000ffe00000, 0x00000000ffe00000|100%| O|  |TAMS 0x00000000ffd00000| PB 0x00000000ffd00000| Untracked 
|2046|0x00000000ffe00000, 0x00000000fff00000, 0x00000000fff00000|100%| O|  |TAMS 0x00000000ffe00000| PB 0x00000000ffe00000| Untracked 
|2047|0x00000000fff00000, 0x0000000100000000, 0x0000000100000000|100%| O|  |TAMS 0x00000000fff00000| PB 0x00000000fff00000| Untracked 

Card table byte_map: [0x000001f5e26a0000,0x000001f5e2aa0000] _byte_map_base: 0x000001f5e22a0000

Marking Bits: (CMBitMap*) 0x000001f5cd9ee670
 Bits: [0x000001f5e2aa0000, 0x000001f5e4aa0000)

Polling page: 0x000001f5cdb70000

Metaspace:

Usage:
  Non-class:     37.01 MB used.
      Class:      5.73 MB used.
       Both:     42.74 MB used.

Virtual space:
  Non-class space:       64.00 MB reserved,      37.56 MB ( 59%) committed,  1 nodes.
      Class space:        1.00 GB reserved,       6.31 MB ( <1%) committed,  1 nodes.
             Both:        1.06 GB reserved,      43.88 MB (  4%) committed. 

Chunk freelists:
   Non-Class:  9.95 MB
       Class:  9.66 MB
        Both:  19.61 MB

MaxMetaspaceSize: unlimited
CompressedClassSpaceSize: 1.00 GB
Initial GC threshold: 21.00 MB
Current GC threshold: 59.38 MB
CDS: off
 - commit_granule_bytes: 65536.
 - commit_granule_words: 8192.
 - virtual_space_node_default_size: 8388608.
 - enlarge_chunks_in_place: 1.
 - use_allocation_guard: 0.


Internal statistics:

num_allocs_failed_limit: 9.
num_arena_births: 2160.
num_arena_deaths: 0.
num_vsnodes_births: 2.
num_vsnodes_deaths: 0.
num_space_committed: 702.
num_space_uncommitted: 0.
num_chunks_returned_to_freelist: 9.
num_chunks_taken_from_freelist: 3761.
num_chunk_merges: 9.
num_chunk_splits: 2409.
num_chunks_enlarged: 1474.
num_inconsistent_stats: 0.

CodeHeap 'non-profiled nmethods': size=120000Kb used=2015Kb max_used=2015Kb free=117984Kb
 bounds [0x000001f5da810000, 0x000001f5daa80000, 0x000001f5e1d40000]
CodeHeap 'profiled nmethods': size=120000Kb used=6435Kb max_used=6435Kb free=113564Kb
 bounds [0x000001f5d2d40000, 0x000001f5d3390000, 0x000001f5da270000]
CodeHeap 'non-nmethods': size=5760Kb used=1508Kb max_used=1567Kb free=4251Kb
 bounds [0x000001f5da270000, 0x000001f5da4e0000, 0x000001f5da810000]
 total_blobs=3978 nmethods=3381 adapters=501
 compilation: enabled
              stopped_count=0, restarted_count=0
 full_count=0

Compilation events (20 events):
Event: 3.124 Thread 0x000001f5e7905580 3760       3       org.codehaus.groovy.reflection.CachedClass$3$$Lambda/0x00000001005fe4c0::apply (12 bytes)
Event: 3.124 Thread 0x000001f5e7905580 nmethod 3760 0x000001f5d3386090 code [0x000001f5d3386260, 0x000001f5d3386750]
Event: 3.124 Thread 0x000001f5e7905580 3761       3       org.codehaus.groovy.reflection.CachedClass$3::lambda$initValue$2 (13 bytes)
Event: 3.124 Thread 0x000001f5e7905580 nmethod 3761 0x000001f5d3386910 code [0x000001f5d3386ae0, 0x000001f5d3386e80]
Event: 3.124 Thread 0x000001f5e7905580 3762       3       org.codehaus.groovy.reflection.CachedMethod::<init> (20 bytes)
Event: 3.124 Thread 0x000001f5e7905580 nmethod 3762 0x000001f5d3387010 code [0x000001f5d33871c0, 0x000001f5d33874a0]
Event: 3.124 Thread 0x000001f5e7905580 3764       3       org.codehaus.groovy.runtime.metaclass.NewInstanceMetaMethod::<init> (6 bytes)
Event: 3.125 Thread 0x000001f5e7905580 nmethod 3764 0x000001f5d3387590 code [0x000001f5d3387740, 0x000001f5d3387878]
Event: 3.125 Thread 0x000001f5e7905580 3765       3       org.codehaus.groovy.reflection.CachedMethod::isStatic (8 bytes)
Event: 3.125 Thread 0x000001f5e7905580 nmethod 3765 0x000001f5d3387910 code [0x000001f5d3387ac0, 0x000001f5d3387ca0]
Event: 3.125 Thread 0x000001f5e7905580 3766       3       org.codehaus.groovy.runtime.metaclass.MethodHelper::isStatic (19 bytes)
Event: 3.125 Thread 0x000001f5e7905580 nmethod 3766 0x000001f5d3387d90 code [0x000001f5d3387f40, 0x000001f5d33880a0]
Event: 3.125 Thread 0x000001f5e7905580 3767       3       groovy.lang.MetaMethod::isPublic (15 bytes)
Event: 3.125 Thread 0x000001f5e7905580 nmethod 3767 0x000001f5d3388190 code [0x000001f5d3388340, 0x000001f5d3388550]
Event: 3.125 Thread 0x000001f5e7905580 3768       3       org.codehaus.groovy.reflection.CachedMethod::getParamsCount (6 bytes)
Event: 3.125 Thread 0x000001f5e7905580 nmethod 3768 0x000001f5d3388610 code [0x000001f5d33887c0, 0x000001f5d3388a18]
Event: 3.125 Thread 0x000001f5e7905580 3769       3       org.codehaus.groovy.runtime.metaclass.NewMetaMethod::getDeclaringClass (7 bytes)
Event: 3.125 Thread 0x000001f5e7905580 nmethod 3769 0x000001f5d3388b10 code [0x000001f5d3388cc0, 0x000001f5d3388e88]
Event: 3.130 Thread 0x000001f5e7905580 3770       3       java.util.Optional::<init> (10 bytes)
Event: 3.130 Thread 0x000001f5e7905580 nmethod 3770 0x000001f5d3388f90 code [0x000001f5d3389140, 0x000001f5d33892f8]

GC Heap History (15 events):
Event: 0.318 GC heap before
{Heap before GC invocations=0 (full 0):
 garbage-first heap   total 129024K, used 22528K [0x0000000080000000, 0x0000000100000000)
  region size 1024K, 23 young (23552K), 0 survivors (0K)
 Metaspace       used 7980K, committed 8128K, reserved 1114112K
  class space    used 712K, committed 768K, reserved 1048576K
}
Event: 0.321 GC heap after
{Heap after GC invocations=1 (full 0):
 garbage-first heap   total 129024K, used 3551K [0x0000000080000000, 0x0000000100000000)
  region size 1024K, 3 young (3072K), 3 survivors (3072K)
 Metaspace       used 7980K, committed 8128K, reserved 1114112K
  class space    used 712K, committed 768K, reserved 1048576K
}
Event: 0.687 GC heap before
{Heap before GC invocations=1 (full 0):
 garbage-first heap   total 129024K, used 40415K [0x0000000080000000, 0x0000000100000000)
  region size 1024K, 37 young (37888K), 3 survivors (3072K)
 Metaspace       used 12165K, committed 12352K, reserved 1114112K
  class space    used 1279K, committed 1408K, reserved 1048576K
}
Event: 0.693 GC heap after
{Heap after GC invocations=2 (full 0):
 garbage-first heap   total 129024K, used 11636K [0x0000000080000000, 0x0000000100000000)
  region size 1024K, 5 young (5120K), 5 survivors (5120K)
 Metaspace       used 12165K, committed 12352K, reserved 1114112K
  class space    used 1279K, committed 1408K, reserved 1048576K
}
Event: 1.039 GC heap before
{Heap before GC invocations=2 (full 0):
 garbage-first heap   total 129024K, used 59764K [0x0000000080000000, 0x0000000100000000)
  region size 1024K, 51 young (52224K), 5 survivors (5120K)
 Metaspace       used 13510K, committed 13760K, reserved 1114112K
  class space    used 1490K, committed 1600K, reserved 1048576K
}
Event: 1.045 GC heap after
{Heap after GC invocations=3 (full 0):
 garbage-first heap   total 129024K, used 17434K [0x0000000080000000, 0x0000000100000000)
  region size 1024K, 5 young (5120K), 5 survivors (5120K)
 Metaspace       used 13510K, committed 13760K, reserved 1114112K
  class space    used 1490K, committed 1600K, reserved 1048576K
}
Event: 1.439 GC heap before
{Heap before GC invocations=3 (full 0):
 garbage-first heap   total 129024K, used 39962K [0x0000000080000000, 0x0000000100000000)
  region size 1024K, 29 young (29696K), 5 survivors (5120K)
 Metaspace       used 21175K, committed 21504K, reserved 1114112K
  class space    used 2444K, committed 2624K, reserved 1048576K
}
Event: 1.443 GC heap after
{Heap after GC invocations=4 (full 0):
 garbage-first heap   total 129024K, used 20830K [0x0000000080000000, 0x0000000100000000)
  region size 1024K, 9 young (9216K), 9 survivors (9216K)
 Metaspace       used 21175K, committed 21504K, reserved 1114112K
  class space    used 2444K, committed 2624K, reserved 1048576K
}
Event: 2.180 GC heap before
{Heap before GC invocations=5 (full 0):
 garbage-first heap   total 75776K, used 73054K [0x0000000080000000, 0x0000000100000000)
  region size 1024K, 61 young (62464K), 9 survivors (9216K)
 Metaspace       used 29725K, committed 30400K, reserved 1114112K
  class space    used 3827K, committed 4160K, reserved 1048576K
}
Event: 2.187 GC heap after
{Heap after GC invocations=6 (full 0):
 garbage-first heap   total 88064K, used 23799K [0x0000000080000000, 0x0000000100000000)
  region size 1024K, 7 young (7168K), 7 survivors (7168K)
 Metaspace       used 29725K, committed 30400K, reserved 1114112K
  class space    used 3827K, committed 4160K, reserved 1048576K
}
Event: 2.642 GC heap before
{Heap before GC invocations=6 (full 0):
 garbage-first heap   total 88064K, used 62711K [0x0000000080000000, 0x0000000100000000)
  region size 1024K, 46 young (47104K), 7 survivors (7168K)
 Metaspace       used 35237K, committed 36096K, reserved 1114112K
  class space    used 4719K, committed 5120K, reserved 1048576K
}
Event: 2.646 GC heap after
{Heap after GC invocations=7 (full 0):
 garbage-first heap   total 88064K, used 26423K [0x0000000080000000, 0x0000000100000000)
  region size 1024K, 6 young (6144K), 6 survivors (6144K)
 Metaspace       used 35237K, committed 36096K, reserved 1114112K
  class space    used 4719K, committed 5120K, reserved 1048576K
}
Event: 2.672 GC heap before
{Heap before GC invocations=7 (full 0):
 garbage-first heap   total 88064K, used 29495K [0x0000000080000000, 0x0000000100000000)
  region size 1024K, 10 young (10240K), 6 survivors (6144K)
 Metaspace       used 35563K, committed 36416K, reserved 1114112K
  class space    used 4777K, committed 5184K, reserved 1048576K
}
Event: 2.675 GC heap after
{Heap after GC invocations=8 (full 0):
 garbage-first heap   total 88064K, used 26754K [0x0000000080000000, 0x0000000100000000)
  region size 1024K, 3 young (3072K), 3 survivors (3072K)
 Metaspace       used 35563K, committed 36416K, reserved 1114112K
  class space    used 4777K, committed 5184K, reserved 1048576K
}
Event: 3.130 GC heap before
{Heap before GC invocations=9 (full 0):
 garbage-first heap   total 88064K, used 71810K [0x0000000080000000, 0x0000000100000000)
  region size 1024K, 48 young (49152K), 3 survivors (3072K)
 Metaspace       used 43764K, committed 44928K, reserved 1114112K
  class space    used 5871K, committed 6464K, reserved 1048576K
}

Dll operation events (3 events):
Event: 0.006 Loaded shared library C:\Program Files\Android\Android Studio\jbr\bin\java.dll
Event: 0.010 Loaded shared library C:\Program Files\Android\Android Studio\jbr\bin\zip.dll
Event: 0.357 Loaded shared library C:\Program Files\Android\Android Studio\jbr\bin\verify.dll

Deoptimization events (20 events):
Event: 3.013 Thread 0x000001f5edbee6f0 Uncommon trap: trap_request=0xffffff45 fr.pc=0x000001f5da95fc84 relative=0x0000000000000d04
Event: 3.013 Thread 0x000001f5edbee6f0 Uncommon trap: reason=unstable_if action=reinterpret pc=0x000001f5da95fc84 method=java.lang.invoke.LambdaForm.useCount(Ljava/lang/invoke/LambdaForm$Name;)I @ 8 c2
Event: 3.013 Thread 0x000001f5edbee6f0 DEOPT PACKING pc=0x000001f5da95fc84 sp=0x00000093a62f63b0
Event: 3.013 Thread 0x000001f5edbee6f0 DEOPT UNPACKING pc=0x000001f5da2c46a2 sp=0x00000093a62f6280 mode 2
Event: 3.033 Thread 0x000001f5edbee6f0 Uncommon trap: trap_request=0xffffff45 fr.pc=0x000001f5da895df4 relative=0x0000000000001394
Event: 3.033 Thread 0x000001f5edbee6f0 Uncommon trap: reason=unstable_if action=reinterpret pc=0x000001f5da895df4 method=java.util.concurrent.ConcurrentHashMap.computeIfAbsent(Ljava/lang/Object;Ljava/util/function/Function;)Ljava/lang/Object; @ 312 c2
Event: 3.033 Thread 0x000001f5edbee6f0 DEOPT PACKING pc=0x000001f5da895df4 sp=0x00000093a62f5ae0
Event: 3.033 Thread 0x000001f5edbee6f0 DEOPT UNPACKING pc=0x000001f5da2c46a2 sp=0x00000093a62f5a58 mode 2
Event: 3.077 Thread 0x000001f5edbee6f0 Uncommon trap: trap_request=0xffffffc6 fr.pc=0x000001f5da9faf38 relative=0x0000000000000258
Event: 3.077 Thread 0x000001f5edbee6f0 Uncommon trap: reason=bimorphic_or_optimized_type_check action=maybe_recompile pc=0x000001f5da9faf38 method=java.util.regex.Pattern$BmpCharProperty.match(Ljava/util/regex/Matcher;ILjava/lang/CharSequence;)Z @ 19 c2
Event: 3.077 Thread 0x000001f5edbee6f0 DEOPT PACKING pc=0x000001f5da9faf38 sp=0x00000093a62f89f0
Event: 3.077 Thread 0x000001f5edbee6f0 DEOPT UNPACKING pc=0x000001f5da2c46a2 sp=0x00000093a62f8988 mode 2
Event: 3.077 Thread 0x000001f5edbee6f0 Uncommon trap: trap_request=0xffffffc6 fr.pc=0x000001f5da9faf38 relative=0x0000000000000258
Event: 3.077 Thread 0x000001f5edbee6f0 Uncommon trap: reason=bimorphic_or_optimized_type_check action=maybe_recompile pc=0x000001f5da9faf38 method=java.util.regex.Pattern$BmpCharProperty.match(Ljava/util/regex/Matcher;ILjava/lang/CharSequence;)Z @ 19 c2
Event: 3.077 Thread 0x000001f5edbee6f0 DEOPT PACKING pc=0x000001f5da9faf38 sp=0x00000093a62f89f0
Event: 3.077 Thread 0x000001f5edbee6f0 DEOPT UNPACKING pc=0x000001f5da2c46a2 sp=0x00000093a62f8988 mode 2
Event: 3.110 Thread 0x000001f5edbee6f0 DEOPT PACKING pc=0x000001f5d320dd96 sp=0x00000093a62f80e0
Event: 3.110 Thread 0x000001f5edbee6f0 DEOPT UNPACKING pc=0x000001f5da2c4e42 sp=0x00000093a62f7628 mode 0
Event: 3.121 Thread 0x000001f5edbee6f0 DEOPT PACKING pc=0x000001f5d31dc121 sp=0x00000093a62f89b0
Event: 3.121 Thread 0x000001f5edbee6f0 DEOPT UNPACKING pc=0x000001f5da2c4e42 sp=0x00000093a62f7eb0 mode 0

Classes loaded (20 events):
Event: 3.114 Loading class java/time/MonthDay
Event: 3.114 Loading class java/time/MonthDay done
Event: 3.114 Loading class java/time/temporal/TemporalQuery
Event: 3.114 Loading class java/time/temporal/TemporalQuery done
Event: 3.115 Loading class java/time/format/DateTimeFormatter
Event: 3.115 Loading class java/time/format/DateTimeFormatter done
Event: 3.115 Loading class java/time/chrono/Era
Event: 3.115 Loading class java/time/chrono/Era done
Event: 3.116 Loading class java/time/format/TextStyle
Event: 3.116 Loading class java/time/format/TextStyle done
Event: 3.117 Loading class java/time/format/ResolverStyle
Event: 3.117 Loading class java/time/format/ResolverStyle done
Event: 3.124 Loading class java/nio/file/WatchService
Event: 3.124 Loading class java/nio/file/WatchService done
Event: 3.124 Loading class java/nio/file/WatchEvent$Kind
Event: 3.124 Loading class java/nio/file/WatchEvent$Kind done
Event: 3.124 Loading class java/nio/file/WatchKey
Event: 3.124 Loading class java/nio/file/WatchKey done
Event: 3.124 Loading class java/nio/file/WatchEvent$Modifier
Event: 3.124 Loading class java/nio/file/WatchEvent$Modifier done

Classes unloaded (0 events):
No events

Classes redefined (0 events):
No events

Internal exceptions (20 events):
Event: 2.867 Thread 0x000001f5edbee6f0 Exception <a 'java/lang/NoSuchMethodError'{0x0000000083ad92a0}: 'java.lang.Object java.lang.invoke.DirectMethodHandle$Holder.invokeStaticInit(java.lang.Object, java.lang.Object, java.lang.Object)'> (0x0000000083ad92a0) 
thrown [s\src\hotspot\share\interpreter\linkResolver.cpp, line 784]
Event: 2.885 Thread 0x000001f5edbee6f0 Exception <a 'java/lang/NoSuchMethodError'{0x00000000838c2708}: 'java.lang.Object java.lang.invoke.DirectMethodHandle$Holder.newInvokeSpecial(java.lang.Object, java.lang.Object, java.lang.Object, java.lang.Object, java.lang.Object, java.lang.Object, java.lang.Object, java.lang.Object, java.lang.Object, java.lang.Object, java.lang.Object, java.lang.Object)'> (0x00000000838c2708) 
thrown [s\src\hotspot\share\interpreter\linkResolver.cpp, line 784]
Event: 2.886 Thread 0x000001f5edbee6f0 Exception <a 'java/lang/NoSuchMethodError'{0x00000000838c7c18}: 'java.lang.Object java.lang.invoke.Invokers$Holder.linkToTargetMethod(java.lang.Object, java.lang.Object, java.lang.Object, java.lang.Object, java.lang.Object, java.lang.Object, java.lang.Object, java.lang.Object, java.lang.Object, java.lang.Object, java.lang.Object, java.lang.Object)'> (0x00000000838c7c18) 
thrown [s\src\hotspot\share\interpreter\linkResolver.cpp, line 784]
Event: 2.890 Thread 0x000001f5edbee6f0 Exception <a 'java/lang/NoSuchMethodError'{0x000000008372e060}: 'java.lang.Object java.lang.invoke.DirectMethodHandle$Holder.newInvokeSpecial(java.lang.Object, java.lang.Object, java.lang.Object, java.lang.Object, java.lang.Object, java.lang.Object, java.lang.Object, java.lang.Object, java.lang.Object, java.lang.Object, java.lang.Object, java.lang.Object, java.lang.Object, java.lang.Object, java.lang.Object)'> (0x000000008372e060) 
thrown [s\src\hotspot\share\interpreter\linkResolver.cpp, line 784]
Event: 2.891 Thread 0x000001f5edbee6f0 Exception <a 'java/lang/NoSuchMethodError'{0x0000000083734440}: 'java.lang.Object java.lang.invoke.DirectMethodHandle$Holder.invokeSpecial(java.lang.Object, java.lang.Object, java.lang.Object, java.lang.Object, java.lang.Object, java.lang.Object, java.lang.Object, java.lang.Object, java.lang.Object, java.lang.Object, java.lang.Object, java.lang.Object, java.lang.Object, java.lang.Object, java.lang.Object, java.lang.Object)'> (0x0000000083734440) 
thrown [s\src\hotspot\share\interpreter\linkResolver.cpp, li
Event: 2.891 Thread 0x000001f5edbee6f0 Exception <a 'java/lang/NoSuchMethodError'{0x00000000837396c0}: 'java.lang.Object java.lang.invoke.DelegatingMethodHandle$Holder.reinvoke_L(java.lang.Object, java.lang.Object, java.lang.Object, java.lang.Object, java.lang.Object, java.lang.Object, java.lang.Object, java.lang.Object, java.lang.Object, java.lang.Object, java.lang.Object, java.lang.Object, java.lang.Object, java.lang.Object, java.lang.Object)'> (0x00000000837396c0) 
thrown [s\src\hotspot\share\interpreter\linkResolver.cpp, line 784]
Event: 2.902 Thread 0x000001f5edbee6f0 Exception <a 'java/lang/NoSuchMethodError'{0x00000000836ab8f0}: 'java.lang.Object java.lang.invoke.DelegatingMethodHandle$Holder.reinvoke_L(java.lang.Object, java.lang.Object, java.lang.Object, java.lang.Object, java.lang.Object, java.lang.Object, java.lang.Object, java.lang.Object, java.lang.Object, java.lang.Object, java.lang.Object, java.lang.Object, java.lang.Object, java.lang.Object, java.lang.Object, java.lang.Object, java.lang.Object, java.lang.Object, java.lang.Object, java.lang.Object, java.lang.O
Event: 2.905 Thread 0x000001f5edbee6f0 Exception <a 'java/lang/NoSuchMethodError'{0x000000008358b798}: 'java.lang.Object java.lang.invoke.DirectMethodHandle$Holder.invokeStatic(java.lang.Object, java.lang.Object, java.lang.Object, java.lang.Object, java.lang.Object, java.lang.Object, java.lang.Object, java.lang.Object, java.lang.Object, java.lang.Object, java.lang.Object, java.lang.Object, java.lang.Object, java.lang.Object, java.lang.Object, java.lang.Object, java.lang.Object, java.lang.Object, java.lang.Object, java.lang.Object, java.lang.Obj
Event: 2.906 Thread 0x000001f5edbee6f0 Exception <a 'java/lang/NoSuchMethodError'{0x00000000835c0378}: 'java.lang.Object java.lang.invoke.DirectMethodHandle$Holder.invokeStatic(java.lang.Object, java.lang.Object, java.lang.Object, java.lang.Object, java.lang.Object, java.lang.Object, java.lang.Object, java.lang.Object, java.lang.Object, java.lang.Object, java.lang.Object, java.lang.Object, java.lang.Object, java.lang.Object, java.lang.Object, java.lang.Object, java.lang.Object, java.lang.Object, java.lang.Object, java.lang.Object, java.lang.Obj
Event: 2.907 Thread 0x000001f5edbee6f0 Exception <a 'java/lang/NoSuchMethodError'{0x00000000835f7530}: 'java.lang.Object java.lang.invoke.DirectMethodHandle$Holder.invokeStatic(java.lang.Object, java.lang.Object, java.lang.Object, java.lang.Object, java.lang.Object, java.lang.Object, java.lang.Object, java.lang.Object, java.lang.Object, java.lang.Object, java.lang.Object, java.lang.Object, java.lang.Object, java.lang.Object, java.lang.Object, java.lang.Object, java.lang.Object, java.lang.Object, java.lang.Object, java.lang.Object, java.lang.Obj
Event: 2.912 Thread 0x000001f5edbee6f0 Exception <a 'java/lang/NoSuchMethodError'{0x000000008349d4a0}: 'java.lang.Object java.lang.invoke.DirectMethodHandle$Holder.newInvokeSpecial(java.lang.Object, java.lang.Object, java.lang.Object, java.lang.Object, java.lang.Object, java.lang.Object, java.lang.Object, java.lang.Object, java.lang.Object, java.lang.Object, java.lang.Object, java.lang.Object, java.lang.Object, java.lang.Object, java.lang.Object, java.lang.Object, java.lang.Object, java.lang.Object, java.lang.Object)'> (0x000000008349d4a0) 
thr
Event: 2.912 Thread 0x000001f5edbee6f0 Exception <a 'java/lang/NoSuchMethodError'{0x00000000834a3e70}: 'java.lang.Object java.lang.invoke.DirectMethodHandle$Holder.invokeSpecial(java.lang.Object, java.lang.Object, java.lang.Object, java.lang.Object, java.lang.Object, java.lang.Object, java.lang.Object, java.lang.Object, java.lang.Object, java.lang.Object, java.lang.Object, java.lang.Object, java.lang.Object, java.lang.Object, java.lang.Object, java.lang.Object, java.lang.Object, java.lang.Object, java.lang.Object, java.lang.Object)'> (0x0000000
Event: 2.912 Thread 0x000001f5edbee6f0 Exception <a 'java/lang/NoSuchMethodError'{0x00000000834a96c0}: 'java.lang.Object java.lang.invoke.DelegatingMethodHandle$Holder.reinvoke_L(java.lang.Object, java.lang.Object, java.lang.Object, java.lang.Object, java.lang.Object, java.lang.Object, java.lang.Object, java.lang.Object, java.lang.Object, java.lang.Object, java.lang.Object, java.lang.Object, java.lang.Object, java.lang.Object, java.lang.Object, java.lang.Object, java.lang.Object, java.lang.Object, java.lang.Object)'> (0x00000000834a96c0) 
throw
Event: 3.011 Thread 0x000001f5edbee6f0 Implicit null exception at 0x000001f5da92a548 to 0x000001f5da92aaa0
Event: 3.011 Thread 0x000001f5edbee6f0 Implicit null exception at 0x000001f5da9da124 to 0x000001f5da9da4ac
Event: 3.011 Thread 0x000001f5edbee6f0 Implicit null exception at 0x000001f5da9ddfb1 to 0x000001f5da9de8b8
Event: 3.011 Thread 0x000001f5edbee6f0 Exception <a 'java/lang/NoSuchMethodError'{0x0000000082ad8d18}: 'java.lang.reflect.Method[] java.lang.Class.getDeclaredMethods(java.lang.Class)'> (0x0000000082ad8d18) 
thrown [s\src\hotspot\share\interpreter\linkResolver.cpp, line 784]
Event: 3.029 Thread 0x000001f5edbee6f0 Exception <a 'java/lang/NoSuchMethodError'{0x0000000082816fc0}: 'void java.lang.invoke.DirectMethodHandle$Holder.invokeStaticInit(java.lang.Object, java.lang.Object, java.lang.Object)'> (0x0000000082816fc0) 
thrown [s\src\hotspot\share\interpreter\linkResolver.cpp, line 784]
Event: 3.031 Thread 0x000001f5edbee6f0 Exception <a 'java/lang/NoSuchMethodError'{0x000000008283b0a8}: 'void java.lang.invoke.DirectMethodHandle$Holder.invokeStaticInit(java.lang.Object, java.lang.Object, java.lang.Object, java.lang.Object, java.lang.Object)'> (0x000000008283b0a8) 
thrown [s\src\hotspot\share\interpreter\linkResolver.cpp, line 784]
Event: 3.037 Thread 0x000001f5edbee6f0 Exception <a 'java/lang/NoSuchMethodError'{0x00000000828929c0}: 'int java.lang.invoke.DirectMethodHandle$Holder.invokeStaticInit(java.lang.Object, java.lang.Object, java.lang.Object, java.lang.Object)'> (0x00000000828929c0) 
thrown [s\src\hotspot\share\interpreter\linkResolver.cpp, line 784]

ZGC Phase Switch (0 events):
No events

VM Operations (20 events):
Event: 2.553 Executing VM operation: HandshakeAllThreads (Deoptimize) done
Event: 2.642 Executing VM operation: CollectForMetadataAllocation (Metadata GC Threshold)
Event: 2.646 Executing VM operation: CollectForMetadataAllocation (Metadata GC Threshold) done
Event: 2.672 Executing VM operation: CollectForMetadataAllocation (Metadata GC Threshold)
Event: 2.675 Executing VM operation: CollectForMetadataAllocation (Metadata GC Threshold) done
Event: 2.681 Executing VM operation: G1PauseRemark
Event: 2.683 Executing VM operation: G1PauseRemark done
Event: 2.688 Executing VM operation: G1PauseCleanup
Event: 2.688 Executing VM operation: G1PauseCleanup done
Event: 2.776 Executing VM operation: HandshakeAllThreads (Deoptimize)
Event: 2.776 Executing VM operation: HandshakeAllThreads (Deoptimize) done
Event: 2.858 Executing VM operation: HandshakeAllThreads (Deoptimize)
Event: 2.858 Executing VM operation: HandshakeAllThreads (Deoptimize) done
Event: 3.005 Executing VM operation: HandshakeAllThreads (Deoptimize)
Event: 3.005 Executing VM operation: HandshakeAllThreads (Deoptimize) done
Event: 3.011 Executing VM operation: ICBufferFull
Event: 3.011 Executing VM operation: ICBufferFull done
Event: 3.089 Executing VM operation: HandshakeAllThreads (Deoptimize)
Event: 3.089 Executing VM operation: HandshakeAllThreads (Deoptimize) done
Event: 3.130 Executing VM operation: G1CollectForAllocation (G1 Evacuation Pause)

Memory protections (0 events):
No events

Nmethod flushes (20 events):
Event: 2.682 Thread 0x000001f5e771d4b0 flushing  nmethod 0x000001f5d2dc5b90
Event: 2.682 Thread 0x000001f5e771d4b0 flushing  nmethod 0x000001f5d2dca410
Event: 2.682 Thread 0x000001f5e771d4b0 flushing  nmethod 0x000001f5d2dcc190
Event: 2.682 Thread 0x000001f5e771d4b0 flushing  nmethod 0x000001f5d2dcc490
Event: 2.682 Thread 0x000001f5e771d4b0 flushing  nmethod 0x000001f5d2dcc990
Event: 2.682 Thread 0x000001f5e771d4b0 flushing  nmethod 0x000001f5d2dcff10
Event: 2.682 Thread 0x000001f5e771d4b0 flushing  nmethod 0x000001f5d2e2ce90
Event: 2.682 Thread 0x000001f5e771d4b0 flushing  nmethod 0x000001f5d2ee2e90
Event: 2.682 Thread 0x000001f5e771d4b0 flushing  nmethod 0x000001f5d2f43a90
Event: 2.682 Thread 0x000001f5e771d4b0 flushing  nmethod 0x000001f5d2f4b110
Event: 2.682 Thread 0x000001f5e771d4b0 flushing  nmethod 0x000001f5d2f8ae90
Event: 2.682 Thread 0x000001f5e771d4b0 flushing  nmethod 0x000001f5d2f8f290
Event: 2.682 Thread 0x000001f5e771d4b0 flushing  nmethod 0x000001f5d2f8fa10
Event: 2.682 Thread 0x000001f5e771d4b0 flushing  nmethod 0x000001f5d2f92290
Event: 2.682 Thread 0x000001f5e771d4b0 flushing  nmethod 0x000001f5d305cf90
Event: 2.682 Thread 0x000001f5e771d4b0 flushing  nmethod 0x000001f5d3061b90
Event: 2.682 Thread 0x000001f5e771d4b0 flushing  nmethod 0x000001f5d3064e90
Event: 2.682 Thread 0x000001f5e771d4b0 flushing  nmethod 0x000001f5d3065a90
Event: 2.682 Thread 0x000001f5e771d4b0 flushing  nmethod 0x000001f5d30d8110
Event: 2.682 Thread 0x000001f5e771d4b0 flushing  nmethod 0x000001f5d30d8610

Events (20 events):
Event: 1.280 Thread 0x000001f5cfbf0040 Thread added: 0x000001f5e78ff800
Event: 1.326 Thread 0x000001f5cfbf0040 Thread added: 0x000001f5e78fe450
Event: 1.358 Thread 0x000001f5e78ff800 Thread added: 0x000001f5e78ff170
Event: 1.359 Thread 0x000001f5e78ff170 Thread added: 0x000001f5e78ffe90
Event: 1.377 Thread 0x000001f5e78ff170 Thread added: 0x000001f5e78fca10
Event: 1.382 Thread 0x000001f5e78ff170 Thread added: 0x000001f5edbee6f0
Event: 1.388 Thread 0x000001f5edbee6f0 Thread added: 0x000001f5edbeed80
Event: 1.390 Thread 0x000001f5edbee6f0 Thread added: 0x000001f5edbef410
Event: 1.392 Thread 0x000001f5edbee6f0 Thread added: 0x000001f5edbf07c0
Event: 1.656 Thread 0x000001f5edbee6f0 Thread added: 0x000001f5edbf0e50
Event: 1.662 Thread 0x000001f5edbee6f0 Thread added: 0x000001f5edbefaa0
Event: 1.679 Thread 0x000001f5edbee6f0 Thread added: 0x000001f5edbee060
Event: 2.195 Thread 0x000001f5edbee6f0 Thread added: 0x000001f5edbf2890
Event: 2.387 Thread 0x000001f5edbee6f0 Thread added: 0x000001f5edbf14e0
Event: 2.395 Thread 0x000001f5edbee6f0 Thread added: 0x000001f5edbf1b70
Event: 2.529 Thread 0x000001f5edbee6f0 Thread added: 0x000001f5edbf2200
Event: 2.533 Thread 0x000001f5edbee6f0 Thread added: 0x000001f5edbf35b0
Event: 2.724 Thread 0x000001f5edbee6f0 Thread added: 0x000001f5edbf2f20
Event: 2.822 Thread 0x000001f5edbee6f0 Thread added: 0x000001f5edbf0130
Event: 2.889 Thread 0x000001f5edbee6f0 Thread added: 0x000001f5edbf5680


Dynamic libraries:
0x00007ff7e2f10000 - 0x00007ff7e2f1a000 	C:\Program Files\Android\Android Studio\jbr\bin\java.exe
0x00007ffc772e0000 - 0x00007ffc77540000 	C:\WINDOWS\SYSTEM32\ntdll.dll
0x00007ffc76470000 - 0x00007ffc76537000 	C:\WINDOWS\System32\KERNEL32.DLL
0x00007ffc74910000 - 0x00007ffc74cda000 	C:\WINDOWS\System32\KERNELBASE.dll
0x00007ffc74700000 - 0x00007ffc7484b000 	C:\WINDOWS\System32\ucrtbase.dll
0x00007ffc673e0000 - 0x00007ffc673f8000 	C:\Program Files\Android\Android Studio\jbr\bin\jli.dll
0x00007ffc712c0000 - 0x00007ffc712db000 	C:\Program Files\Android\Android Studio\jbr\bin\VCRUNTIME140.dll
0x00007ffc752f0000 - 0x00007ffc754bc000 	C:\WINDOWS\System32\USER32.dll
0x00007ffc746d0000 - 0x00007ffc746f7000 	C:\WINDOWS\System32\win32u.dll
0x00007ffc65240000 - 0x00007ffc654d7000 	C:\WINDOWS\WinSxS\amd64_microsoft.windows.common-controls_6595b64144ccf1df_6.0.26100.3624_none_3e086962e3345f24\COMCTL32.dll
0x00007ffc76340000 - 0x00007ffc763e9000 	C:\WINDOWS\System32\msvcrt.dll
0x00007ffc76fc0000 - 0x00007ffc76fea000 	C:\WINDOWS\System32\GDI32.dll
0x00007ffc74fa0000 - 0x00007ffc750d1000 	C:\WINDOWS\System32\gdi32full.dll
0x00007ffc74ef0000 - 0x00007ffc74f93000 	C:\WINDOWS\System32\msvcp_win.dll
0x00007ffc751b0000 - 0x00007ffc751df000 	C:\WINDOWS\System32\IMM32.DLL
0x00007ffc71120000 - 0x00007ffc7112c000 	C:\Program Files\Android\Android Studio\jbr\bin\vcruntime140_1.dll
0x00007ffc57980000 - 0x00007ffc57a0d000 	C:\Program Files\Android\Android Studio\jbr\bin\msvcp140.dll
0x00007ffc2b380000 - 0x00007ffc2c00a000 	C:\Program Files\Android\Android Studio\jbr\bin\server\jvm.dll
0x00007ffc750e0000 - 0x00007ffc75192000 	C:\WINDOWS\System32\ADVAPI32.dll
0x00007ffc75720000 - 0x00007ffc757c6000 	C:\WINDOWS\System32\sechost.dll
0x00007ffc77100000 - 0x00007ffc77216000 	C:\WINDOWS\System32\RPCRT4.dll
0x00007ffc751f0000 - 0x00007ffc75264000 	C:\WINDOWS\System32\WS2_32.dll
0x00007ffc74260000 - 0x00007ffc742be000 	C:\WINDOWS\SYSTEM32\POWRPROF.dll
0x00007ffc700e0000 - 0x00007ffc70116000 	C:\WINDOWS\SYSTEM32\WINMM.dll
0x00007ffc6e100000 - 0x00007ffc6e10b000 	C:\WINDOWS\SYSTEM32\VERSION.dll
0x00007ffc74240000 - 0x00007ffc74254000 	C:\WINDOWS\SYSTEM32\UMPDC.dll
0x00007ffc73290000 - 0x00007ffc732aa000 	C:\WINDOWS\SYSTEM32\kernel.appcore.dll
0x00007ffc70e60000 - 0x00007ffc70e6a000 	C:\Program Files\Android\Android Studio\jbr\bin\jimage.dll
0x00007ffc559b0000 - 0x00007ffc55bf1000 	C:\WINDOWS\SYSTEM32\DBGHELP.DLL
0x00007ffc75b10000 - 0x00007ffc75e92000 	C:\WINDOWS\System32\combase.dll
0x00007ffc755b0000 - 0x00007ffc75686000 	C:\WINDOWS\System32\OLEAUT32.dll
0x00007ffc153a0000 - 0x00007ffc153d9000 	C:\WINDOWS\SYSTEM32\dbgcore.DLL
0x00007ffc74e50000 - 0x00007ffc74ee9000 	C:\WINDOWS\System32\bcryptPrimitives.dll
0x00007ffc67ac0000 - 0x00007ffc67ace000 	C:\Program Files\Android\Android Studio\jbr\bin\instrument.dll
0x00007ffc70bd0000 - 0x00007ffc70bf0000 	C:\Program Files\Android\Android Studio\jbr\bin\java.dll
0x00007ffc70180000 - 0x00007ffc70198000 	C:\Program Files\Android\Android Studio\jbr\bin\zip.dll
0x00007ffc76550000 - 0x00007ffc76c79000 	C:\WINDOWS\System32\SHELL32.dll
0x00007ffc74ce0000 - 0x00007ffc74e48000 	C:\WINDOWS\System32\wintypes.dll
0x00007ffc72140000 - 0x00007ffc72992000 	C:\WINDOWS\SYSTEM32\windows.storage.dll
0x00007ffc754c0000 - 0x00007ffc755ad000 	C:\WINDOWS\System32\SHCORE.dll
0x00007ffc75850000 - 0x00007ffc758b4000 	C:\WINDOWS\System32\shlwapi.dll
0x00007ffc743d0000 - 0x00007ffc743ff000 	C:\WINDOWS\SYSTEM32\profapi.dll
0x00007ffc70db0000 - 0x00007ffc70dc0000 	C:\Program Files\Android\Android Studio\jbr\bin\net.dll
0x00007ffc6dcf0000 - 0x00007ffc6de0d000 	C:\WINDOWS\SYSTEM32\WINHTTP.dll
0x00007ffc73790000 - 0x00007ffc737fa000 	C:\WINDOWS\system32\mswsock.dll
0x00007ffc6e7a0000 - 0x00007ffc6e7b6000 	C:\Program Files\Android\Android Studio\jbr\bin\nio.dll
0x00007ffc688c0000 - 0x00007ffc688d0000 	C:\Program Files\Android\Android Studio\jbr\bin\verify.dll
0x00007ffc71130000 - 0x00007ffc71157000 	C:\Users\4P_2\.gradle\native\c067742578af261105cb4f569cf0c3c89f3d7b1fecec35dd04571415982c5e48\windows-amd64\native-platform.dll
0x00007ffc475f0000 - 0x00007ffc47734000 	C:\Users\4P_2\.gradle\native\100fb08df4bc3b14c8652ba06237920a3bd2aa13389f12d3474272988ae205f9\windows-amd64\native-platform-file-events.dll
0x00007ffc6e2c0000 - 0x00007ffc6e2c9000 	C:\Program Files\Android\Android Studio\jbr\bin\management.dll
0x00007ffc6e2b0000 - 0x00007ffc6e2bb000 	C:\Program Files\Android\Android Studio\jbr\bin\management_ext.dll
0x00007ffc76ff0000 - 0x00007ffc76ff8000 	C:\WINDOWS\System32\PSAPI.DLL
0x00007ffc73b40000 - 0x00007ffc73b5c000 	C:\WINDOWS\SYSTEM32\CRYPTSP.dll
0x00007ffc731f0000 - 0x00007ffc7322a000 	C:\WINDOWS\system32\rsaenh.dll
0x00007ffc73830000 - 0x00007ffc7385b000 	C:\WINDOWS\SYSTEM32\USERENV.dll
0x00007ffc743a0000 - 0x00007ffc743c6000 	C:\WINDOWS\SYSTEM32\bcrypt.dll
0x00007ffc739c0000 - 0x00007ffc739cc000 	C:\WINDOWS\SYSTEM32\CRYPTBASE.dll
0x00007ffc72ca0000 - 0x00007ffc72cd3000 	C:\WINDOWS\SYSTEM32\IPHLPAPI.DLL
0x00007ffc75ea0000 - 0x00007ffc75eaa000 	C:\WINDOWS\System32\NSI.dll
0x00007ffc70120000 - 0x00007ffc70129000 	C:\Program Files\Android\Android Studio\jbr\bin\extnet.dll
0x00007ffc70b80000 - 0x00007ffc70b88000 	C:\WINDOWS\system32\wshunix.dll

dbghelp: loaded successfully - version: 4.0.5 - missing functions: none
symbol engine: initialized successfully - sym options: 0x614 - pdb path: .;C:\Program Files\Android\Android Studio\jbr\bin;C:\WINDOWS\SYSTEM32;C:\WINDOWS\WinSxS\amd64_microsoft.windows.common-controls_6595b64144ccf1df_6.0.26100.3624_none_3e086962e3345f24;C:\Program Files\Android\Android Studio\jbr\bin\server;C:\Users\4P_2\.gradle\native\c067742578af261105cb4f569cf0c3c89f3d7b1fecec35dd04571415982c5e48\windows-amd64;C:\Users\4P_2\.gradle\native\100fb08df4bc3b14c8652ba06237920a3bd2aa13389f12d3474272988ae205f9\windows-amd64

VM Arguments:
jvm_args: --add-opens=java.base/java.lang=ALL-UNNAMED --add-opens=java.base/java.lang.invoke=ALL-UNNAMED --add-opens=java.base/java.util=ALL-UNNAMED --add-opens=java.prefs/java.util.prefs=ALL-UNNAMED --add-exports=jdk.compiler/com.sun.tools.javac.api=ALL-UNNAMED --add-exports=jdk.compiler/com.sun.tools.javac.util=ALL-UNNAMED --add-opens=java.base/java.util=ALL-UNNAMED --add-opens=java.prefs/java.util.prefs=ALL-UNNAMED --add-opens=java.base/java.nio.charset=ALL-UNNAMED --add-opens=java.base/java.net=ALL-UNNAMED --add-opens=java.base/java.util.concurrent.atomic=ALL-UNNAMED --add-opens=java.xml/javax.xml.namespace=ALL-UNNAMED -Xmx2048m -Dfile.encoding=UTF-8 -Duser.country=PL -Duser.language=pl -Duser.variant -javaagent:C:\Users\4P_2\.gradle\wrapper\dists\gradle-8.11.1-bin\bpt9gzteqjrbo1mjrsomdt32c\gradle-8.11.1\lib\agents\gradle-instrumentation-agent-8.11.1.jar 
java_command: org.gradle.launcher.daemon.bootstrap.GradleDaemon 8.11.1
java_class_path (initial): C:\Users\4P_2\.gradle\wrapper\dists\gradle-8.11.1-bin\bpt9gzteqjrbo1mjrsomdt32c\gradle-8.11.1\lib\gradle-daemon-main-8.11.1.jar
Launcher Type: SUN_STANDARD

[Global flags]
     intx CICompilerCount                          = 4                                         {product} {ergonomic}
     uint ConcGCThreads                            = 3                                         {product} {ergonomic}
     uint G1ConcRefinementThreads                  = 10                                        {product} {ergonomic}
   size_t G1HeapRegionSize                         = 1048576                                   {product} {ergonomic}
    uintx GCDrainStackTargetSize                   = 64                                        {product} {ergonomic}
   size_t InitialHeapSize                          = 132120576                                 {product} {ergonomic}
   size_t MarkStackSize                            = 4194304                                   {product} {ergonomic}
   size_t MaxHeapSize                              = 2147483648                                {product} {command line}
   size_t MaxNewSize                               = 1287651328                                {product} {ergonomic}
   size_t MinHeapDeltaBytes                        = 1048576                                   {product} {ergonomic}
   size_t MinHeapSize                              = 8388608                                   {product} {ergonomic}
    uintx NonNMethodCodeHeapSize                   = 5839372                                {pd product} {ergonomic}
    uintx NonProfiledCodeHeapSize                  = 122909434                              {pd product} {ergonomic}
    uintx ProfiledCodeHeapSize                     = 122909434                              {pd product} {ergonomic}
    uintx ReservedCodeCacheSize                    = 251658240                              {pd product} {ergonomic}
     bool SegmentedCodeCache                       = true                                      {product} {ergonomic}
   size_t SoftMaxHeapSize                          = 2147483648                             {manageable} {ergonomic}
     bool UseCompressedOops                        = true                           {product lp64_product} {ergonomic}
     bool UseG1GC                                  = true                                      {product} {ergonomic}
     bool UseLargePagesIndividualAllocation        = false                                  {pd product} {ergonomic}

Logging:
Log output configuration:
 #0: stdout all=warning uptime,level,tags foldmultilines=false
 #1: stderr all=off uptime,level,tags foldmultilines=false

Environment Variables:
PATH=C:\Python313\Scripts\;C:\Python313\;C:\WINDOWS\system32;C:\WINDOWS;C:\WINDOWS\System32\Wbem;C:\WINDOWS\System32\WindowsPowerShell\v1.0\;C:\WINDOWS\System32\OpenSSH\;C:\Program Files\nodejs\;C:\ProgramData\chocolatey\bin;C:\Program Files\Git\cmd;C:\Program Files\Microsoft VS Code\bin;C:\Program Files\dotnet\;C:\Users\4P_2\AppData\Local\Microsoft\WindowsApps;C:\Users\4P_2\AppData\Local\GitHubDesktop\bin
USERNAME=4P_2
OS=Windows_NT
PROCESSOR_IDENTIFIER=Intel64 Family 6 Model 165 Stepping 3, GenuineIntel
TMP=C:\Users\4P_2\AppData\Local\Temp
TEMP=C:\Users\4P_2\AppData\Local\Temp




Periodic native trim disabled

JNI global refs:
JNI global refs: 25, weak refs: 0

JNI global refs memory usage: 835, weak refs: 833

Process memory usage:
Resident Set Size: 256252K (3% of 8130260K total physical memory with 1128512K free physical memory)

OOME stack traces (most recent first):
Classloader memory used:
Loader bootstrap                                                                       : 19981K
Loader org.gradle.internal.classloader.VisitableURLClassLoader                         : 19118K
Loader org.gradle.initialization.MixInLegacyTypesClassLoader                           : 4169K
Loader jdk.internal.loader.ClassLoaders$PlatformClassLoader                            : 261K
Loader jdk.internal.loader.ClassLoaders$AppClassLoader                                 : 232K

Classes loaded by more than one classloader:
Class org.gradle.internal.classloader.FilteringClassLoader                            : loaded 2 times (x 101B)
Class org.gradle.internal.classloader.ClassLoaderHierarchy                            : loaded 2 times (x 66B)
Class org.gradle.api.internal.classpath.ManifestUtil                                  : loaded 2 times (x 67B)
Class org.gradle.internal.classloader.DefaultClassLoaderFactory                       : loaded 2 times (x 78B)
Class org.gradle.internal.classloader.ClassLoaderVisitor                              : loaded 2 times (x 72B)
Class org.gradle.api.internal.classpath.EffectiveClassPath                            : loaded 2 times (x 86B)
Class org.gradle.api.internal.DefaultClassPathProvider                                : loaded 2 times (x 72B)
Class [Lorg.gradle.api.internal.ClassPathProvider;                                    : loaded 2 times (x 65B)
Class org.gradle.api.internal.ClassPathProvider                                       : loaded 2 times (x 66B)
Class org.gradle.internal.service.UnknownServiceException                             : loaded 2 times (x 79B)
Class org.gradle.internal.classpath.TransformedClassPath                              : loaded 2 times (x 92B)
Class org.gradle.internal.classloader.InstrumentingClassLoader                        : loaded 2 times (x 66B)
Class org.gradle.internal.service.ServiceLocator                                      : loaded 2 times (x 66B)
Class org.gradle.internal.InternalTransformer                                         : loaded 2 times (x 66B)
Class org.gradle.internal.classloader.ClasspathUtil$1                                 : loaded 2 times (x 72B)
Class org.gradle.api.internal.classpath.DefaultModuleRegistry$DefaultModule           : loaded 2 times (x 82B)
Class org.gradle.api.internal.classpath.Module                                        : loaded 2 times (x 66B)
Class org.gradle.api.internal.classpath.UnknownModuleException                        : loaded 2 times (x 78B)
Class org.gradle.api.internal.DefaultClassPathRegistry                                : loaded 2 times (x 72B)
Class org.gradle.api.internal.ClassPathRegistry                                       : loaded 2 times (x 66B)
Class org.gradle.internal.classpath.DefaultClassPath$ImmutableUniqueList              : loaded 2 times (x 195B)
Class org.gradle.internal.classpath.ClassPath                                         : loaded 2 times (x 66B)
Class org.gradle.api.UncheckedIOException                                             : loaded 2 times (x 78B)
Class org.gradle.internal.installation.GradleInstallation$1                           : loaded 2 times (x 71B)
Class org.gradle.api.internal.classpath.ModuleRegistry                                : loaded 2 times (x 66B)
Class org.gradle.api.internal.classpath.DefaultModuleRegistry                         : loaded 2 times (x 82B)
Class org.gradle.internal.service.ServiceLookupException                              : loaded 2 times (x 78B)
Class org.gradle.internal.classloader.ClassLoaderFactory                              : loaded 2 times (x 66B)
Class org.gradle.internal.service.CachingServiceLocator                               : loaded 2 times (x 78B)
Class org.gradle.internal.classloader.ClasspathUtil                                   : loaded 2 times (x 67B)
Class org.gradle.api.specs.Spec                                                       : loaded 2 times (x 66B)
Class org.gradle.internal.classloader.VisitableURLClassLoader$InstrumentingVisitableURLClassLoader: loaded 2 times (x 119B)
Class org.gradle.internal.classloader.VisitableURLClassLoader$Spec                    : loaded 2 times (x 70B)
Class org.gradle.internal.classpath.DefaultClassPath                                  : loaded 2 times (x 86B)
Class org.gradle.internal.classloader.ClassLoaderSpec                                 : loaded 2 times (x 67B)
Class org.gradle.internal.classloader.VisitableURLClassLoader                         : loaded 2 times (x 113B)
Class org.gradle.internal.Cast                                                        : loaded 2 times (x 67B)
Class org.gradle.api.Action                                                           : loaded 2 times (x 66B)
Class org.gradle.internal.classpath.DefaultClassPath$ImmutableUniqueList$Builder      : loaded 2 times (x 71B)
Class org.gradle.api.GradleException                                                  : loaded 2 times (x 78B)
Class org.gradle.internal.IoActions                                                   : loaded 2 times (x 67B)
Class org.gradle.internal.classloader.SystemClassLoaderSpec                           : loaded 2 times (x 67B)
Class org.gradle.api.internal.classpath.GlobalCacheRootsProvider                      : loaded 2 times (x 66B)
Class org.gradle.internal.installation.CurrentGradleInstallationLocator               : loaded 2 times (x 67B)
Class org.gradle.internal.service.DefaultServiceLocator                               : loaded 2 times (x 79B)
Class org.gradle.internal.installation.CurrentGradleInstallation                      : loaded 2 times (x 69B)
Class org.gradle.util.internal.GUtil                                                  : loaded 2 times (x 67B)
Class org.gradle.internal.installation.GradleInstallation                             : loaded 2 times (x 71B)

---------------  S Y S T E M  ---------------

OS:
 Windows 11 , 64 bit Build 26100 (10.0.26100.3775)
OS uptime: 37 days 21:24 hours
Hyper-V role detected

CPU: total 12 (initial active 12) (6 cores per cpu, 2 threads per core) family 6 model 165 stepping 3 microcode 0xea, cx8, cmov, fxsr, ht, mmx, 3dnowpref, sse, sse2, sse3, ssse3, sse4.1, sse4.2, popcnt, lzcnt, tsc, tscinvbit, avx, avx2, aes, erms, clmul, bmi1, bmi2, adx, fma, vzeroupper, clflush, clflushopt, hv, rdtscp, f16c
Processor Information for all 12 processors :
  Max Mhz: 2901, Current Mhz: 2901, Mhz Limit: 2901

Memory: 4k page, system-wide physical 7939M (1102M free)
TotalPageFile size 32515M (AvailPageFile size 22M)
current process WorkingSet (physical memory assigned to process): 250M, peak: 250M
current process commit charge ("private bytes"): 289M, peak: 308M

vm_info: OpenJDK 64-Bit Server VM (21.0.5+-12932927-b750.29) for windows-amd64 JRE (21.0.5+-12932927-b750.29), built on 2025-01-17T02:01:10Z by "builder" with MS VC++ 16.10 / 16.11 (VS2019)

END.
