#
# There is insufficient memory for the Java Runtime Environment to continue.
# Native memory allocation (malloc) failed to allocate 1326704 bytes. Error detail: Chunk::new
# Possible reasons:
#   The system is out of physical RAM or swap space
#   This process is running with CompressedOops enabled, and the Java Heap may be blocking the growth of the native heap
# Possible solutions:
#   Reduce memory load on the system
#   Increase physical memory or swap space
#   Check if swap backing store is full
#   Decrease Java heap size (-Xmx/-Xms)
#   Decrease number of Java threads
#   Decrease Java thread stack sizes (-Xss)
#   Set larger code cache with -XX:ReservedCodeCacheSize=
#   JVM is running with Unscaled Compressed Oops mode in which the Java heap is
#     placed in the first 4GB address space. The Java Heap base address is the
#     maximum limit for the native heap growth. Please use -XX:HeapBaseMinAddress
#     to set the Java Heap base and to place the Java Heap above 4GB virtual address.
# This output file may be truncated or incomplete.
#
#  Out of Memory Error (arena.cpp:168), pid=17288, tid=22680
#
# JRE version: OpenJDK Runtime Environment (21.0.5) (build 21.0.5+-12932927-b750.29)
# Java VM: OpenJDK 64-Bit Server VM (21.0.5+-12932927-b750.29, mixed mode, tiered, compressed oops, compressed class ptrs, g1 gc, windows-amd64)
# No core dump will be written. Minidumps are not enabled by default on client versions of Windows
#

---------------  S U M M A R Y ------------

Command Line: --add-opens=java.base/java.lang=ALL-UNNAMED --add-opens=java.base/java.lang.invoke=ALL-UNNAMED --add-opens=java.base/java.util=ALL-UNNAMED --add-opens=java.prefs/java.util.prefs=ALL-UNNAMED --add-exports=jdk.compiler/com.sun.tools.javac.api=ALL-UNNAMED --add-exports=jdk.compiler/com.sun.tools.javac.util=ALL-UNNAMED --add-opens=java.base/java.util=ALL-UNNAMED --add-opens=java.prefs/java.util.prefs=ALL-UNNAMED --add-opens=java.base/java.nio.charset=ALL-UNNAMED --add-opens=java.base/java.net=ALL-UNNAMED --add-opens=java.base/java.util.concurrent.atomic=ALL-UNNAMED --add-opens=java.xml/javax.xml.namespace=ALL-UNNAMED -Xmx2048m -Dfile.encoding=UTF-8 -Duser.country=PL -Duser.language=pl -Duser.variant -javaagent:C:\Users\4P_2\.gradle\wrapper\dists\gradle-8.11.1-bin\bpt9gzteqjrbo1mjrsomdt32c\gradle-8.11.1\lib\agents\gradle-instrumentation-agent-8.11.1.jar org.gradle.launcher.daemon.bootstrap.GradleDaemon 8.11.1

Host: Intel(R) Core(TM) i5-10400 CPU @ 2.90GHz, 12 cores, 7G,  Windows 11 , 64 bit Build 26100 (10.0.26100.3775)
Time: Mon May 19 07:51:52 2025  Windows 11 , 64 bit Build 26100 (10.0.26100.3775) elapsed time: 3.408524 seconds (0d 0h 0m 3s)

---------------  T H R E A D  ---------------

Current thread (0x00000218418e1560):  JavaThread "C2 CompilerThread0" daemon [_thread_in_native, id=22680, stack(0x00000034f4900000,0x00000034f4a00000) (1024K)]


Current CompileTask:
C2:3408 2608       4       java.lang.invoke.MethodType::makeImpl (109 bytes)

Stack: [0x00000034f4900000,0x00000034f4a00000]
Native frames: (J=compiled Java code, j=interpreted, Vv=VM code, C=native code)
V  [jvm.dll+0x6cfb29]
V  [jvm.dll+0x85ded3]
V  [jvm.dll+0x86042e]
V  [jvm.dll+0x860b13]
V  [jvm.dll+0x27e6b6]
V  [jvm.dll+0xbff6d]
V  [jvm.dll+0xc04a3]
V  [jvm.dll+0x3b5ffb]
V  [jvm.dll+0x1de664]
V  [jvm.dll+0x247db4]
V  [jvm.dll+0x247231]
V  [jvm.dll+0x1c5ee4]
V  [jvm.dll+0x25697c]
V  [jvm.dll+0x254ec6]
V  [jvm.dll+0x3f0ce6]
V  [jvm.dll+0x806368]
V  [jvm.dll+0x6ce3fd]
C  [ucrtbase.dll+0x37b0]
C  [KERNEL32.DLL+0x2e8d7]
C  [ntdll.dll+0xb14fc]


---------------  P R O C E S S  ---------------

Threads class SMR info:
_java_thread_list=0x0000021847e29b40, length=25, elements={
0x00000218293ecf00, 0x00000218418b6810, 0x00000218418b6f70, 0x000002184190a100,
0x000002184190a760, 0x00000218418e0440, 0x00000218418e0aa0, 0x00000218418e1560,
0x000002184191f240, 0x0000021841a76680, 0x0000021841bfc020, 0x00000218460f1b50,
0x0000021847bf43f0, 0x0000021847a41470, 0x0000021847a40140, 0x0000021847d1c670,
0x0000021847d21180, 0x0000021847af44f0, 0x0000021847af5b70, 0x0000021847b15010,
0x0000021847b18cb0, 0x0000021847b1ad80, 0x0000021847b1b410, 0x0000021847b1a060,
0x0000021847b18620
}

Java Threads: ( => current thread )
  0x00000218293ecf00 JavaThread "main"                              [_thread_blocked, id=5272, stack(0x00000034f3b00000,0x00000034f3c00000) (1024K)]
  0x00000218418b6810 JavaThread "Reference Handler"          daemon [_thread_blocked, id=6968, stack(0x00000034f4300000,0x00000034f4400000) (1024K)]
  0x00000218418b6f70 JavaThread "Finalizer"                  daemon [_thread_blocked, id=21952, stack(0x00000034f4400000,0x00000034f4500000) (1024K)]
  0x000002184190a100 JavaThread "Signal Dispatcher"          daemon [_thread_blocked, id=21448, stack(0x00000034f4500000,0x00000034f4600000) (1024K)]
  0x000002184190a760 JavaThread "Attach Listener"            daemon [_thread_blocked, id=16244, stack(0x00000034f4600000,0x00000034f4700000) (1024K)]
  0x00000218418e0440 JavaThread "Service Thread"             daemon [_thread_blocked, id=21936, stack(0x00000034f4700000,0x00000034f4800000) (1024K)]
  0x00000218418e0aa0 JavaThread "Monitor Deflation Thread"   daemon [_thread_blocked, id=12392, stack(0x00000034f4800000,0x00000034f4900000) (1024K)]
=>0x00000218418e1560 JavaThread "C2 CompilerThread0"         daemon [_thread_in_native, id=22680, stack(0x00000034f4900000,0x00000034f4a00000) (1024K)]
  0x000002184191f240 JavaThread "C1 CompilerThread0"         daemon [_thread_blocked, id=4352, stack(0x00000034f4a00000,0x00000034f4b00000) (1024K)]
  0x0000021841a76680 JavaThread "Common-Cleaner"             daemon [_thread_blocked, id=14588, stack(0x00000034f4b00000,0x00000034f4c00000) (1024K)]
  0x0000021841bfc020 JavaThread "Notification Thread"        daemon [_thread_blocked, id=7124, stack(0x00000034f4c00000,0x00000034f4d00000) (1024K)]
  0x00000218460f1b50 JavaThread "C2 CompilerThread1"         daemon [_thread_in_vm, id=1716, stack(0x00000034f4d00000,0x00000034f4e00000) (1024K)]
  0x0000021847bf43f0 JavaThread "Daemon health stats"               [_thread_blocked, id=14928, stack(0x00000034f5300000,0x00000034f5400000) (1024K)]
  0x0000021847a41470 JavaThread "Incoming local TCP Connector on port 60075"        [_thread_in_native, id=18808, stack(0x00000034f5400000,0x00000034f5500000) (1024K)]
  0x0000021847a40140 JavaThread "Daemon periodic checks"            [_thread_blocked, id=17472, stack(0x00000034f5500000,0x00000034f5600000) (1024K)]
  0x0000021847d1c670 JavaThread "Daemon"                            [_thread_blocked, id=8152, stack(0x00000034f5600000,0x00000034f5700000) (1024K)]
  0x0000021847d21180 JavaThread "Handler for socket connection from /127.0.0.1:60075 to /127.0.0.1:60076"        [_thread_in_native, id=15232, stack(0x00000034f5700000,0x00000034f5800000) (1024K)]
  0x0000021847af44f0 JavaThread "Cancel handler"                    [_thread_blocked, id=4132, stack(0x00000034f5800000,0x00000034f5900000) (1024K)]
  0x0000021847af5b70 JavaThread "Daemon worker"                     [_thread_in_native, id=12708, stack(0x00000034f5900000,0x00000034f5a00000) (1024K)]
  0x0000021847b15010 JavaThread "Asynchronous log dispatcher for DefaultDaemonConnection: socket connection from /127.0.0.1:60075 to /127.0.0.1:60076"        [_thread_blocked, id=6900, stack(0x00000034f5a00000,0x00000034f5b00000) (1024K)]
  0x0000021847b18cb0 JavaThread "Stdin handler"                     [_thread_blocked, id=22684, stack(0x00000034f5b00000,0x00000034f5c00000) (1024K)]
  0x0000021847b1ad80 JavaThread "Daemon client event forwarder"        [_thread_blocked, id=23012, stack(0x00000034f5c00000,0x00000034f5d00000) (1024K)]
  0x0000021847b1b410 JavaThread "Cache worker for journal cache (C:\Users\4P_2\.gradle\caches\journal-1)"        [_thread_blocked, id=8704, stack(0x00000034f6300000,0x00000034f6400000) (1024K)]
  0x0000021847b1a060 JavaThread "File lock request listener"        [_thread_in_native, id=18348, stack(0x00000034f6400000,0x00000034f6500000) (1024K)]
  0x0000021847b18620 JavaThread "Cache worker for file hash cache (C:\Users\4P_2\.gradle\caches\8.11.1\fileHashes)"        [_thread_blocked, id=8008, stack(0x00000034f6500000,0x00000034f6600000) (1024K)]
Total: 25

Other Threads:
  0x000002184185b090 VMThread "VM Thread"                           [id=15076, stack(0x00000034f4200000,0x00000034f4300000) (1024K)]
  0x00000218416cde80 WatcherThread "VM Periodic Task Thread"        [id=23484, stack(0x00000034f4100000,0x00000034f4200000) (1024K)]
  0x0000021829447250 WorkerThread "GC Thread#0"                     [id=17384, stack(0x00000034f3c00000,0x00000034f3d00000) (1024K)]
  0x00000218466c2c60 WorkerThread "GC Thread#1"                     [id=9732, stack(0x00000034f4f00000,0x00000034f5000000) (1024K)]
  0x00000218461b7600 WorkerThread "GC Thread#2"                     [id=20912, stack(0x00000034f5000000,0x00000034f5100000) (1024K)]
  0x000002184648ccd0 WorkerThread "GC Thread#3"                     [id=5212, stack(0x00000034f5100000,0x00000034f5200000) (1024K)]
  0x000002184648c590 WorkerThread "GC Thread#4"                     [id=10680, stack(0x00000034f5200000,0x00000034f5300000) (1024K)]
  0x000002184648c930 WorkerThread "GC Thread#5"                     [id=14552, stack(0x00000034f4e00000,0x00000034f4f00000) (1024K)]
  0x0000021847c15f80 WorkerThread "GC Thread#6"                     [id=7096, stack(0x00000034f5d00000,0x00000034f5e00000) (1024K)]
  0x0000021847c18020 WorkerThread "GC Thread#7"                     [id=5196, stack(0x00000034f5e00000,0x00000034f5f00000) (1024K)]
  0x0000021847c16320 WorkerThread "GC Thread#8"                     [id=16224, stack(0x00000034f5f00000,0x00000034f6000000) (1024K)]
  0x0000021847c17c80 WorkerThread "GC Thread#9"                     [id=8736, stack(0x00000034f6000000,0x00000034f6100000) (1024K)]
  0x0000021829458410 ConcurrentGCThread "G1 Main Marker"            [id=19216, stack(0x00000034f3d00000,0x00000034f3e00000) (1024K)]
  0x000002182945a840 WorkerThread "G1 Conc#0"                       [id=8624, stack(0x00000034f3e00000,0x00000034f3f00000) (1024K)]
  0x0000021847c17540 WorkerThread "G1 Conc#1"                       [id=21980, stack(0x00000034f6100000,0x00000034f6200000) (1024K)]
  0x0000021847c149c0 WorkerThread "G1 Conc#2"                       [id=16540, stack(0x00000034f6200000,0x00000034f6300000) (1024K)]
  0x000002184159d360 ConcurrentGCThread "G1 Refine#0"               [id=19736, stack(0x00000034f3f00000,0x00000034f4000000) (1024K)]
  0x000002184159f8a0 ConcurrentGCThread "G1 Service"                [id=21600, stack(0x00000034f4000000,0x00000034f4100000) (1024K)]
Total: 18

Threads with active compile tasks:
C2 CompilerThread0  3463 2608       4       java.lang.invoke.MethodType::makeImpl (109 bytes)
C2 CompilerThread1  3463 2615       4       sun.invoke.util.VerifyType::isNullConversion (157 bytes)
Total: 2

VM state: not at safepoint (normal execution)

VM Mutex/Monitor currently owned by a thread: None

Heap address: 0x0000000080000000, size: 2048 MB, Compressed Oops mode: 32-bit

CDS archive(s) not mapped
Compressed class space mapped at: 0x0000000100000000-0x0000000140000000, reserved size: 1073741824
Narrow klass base: 0x0000000000000000, Narrow klass shift: 3, Narrow klass range: 0x140000000

GC Precious Log:
 CardTable entry size: 512
 Card Set container configuration: InlinePtr #cards 5 size 8 Array Of Cards #cards 12 size 40 Howl #buckets 4 coarsen threshold 1843 Howl Bitmap #cards 512 size 80 coarsen threshold 460 Card regions per heap region 1 cards per card region 2048
 CPUs: 12 total, 12 available
 Memory: 7939M
 Large Page Support: Disabled
 NUMA Support: Disabled
 Compressed Oops: Enabled (32-bit)
 Heap Region Size: 1M
 Heap Min Capacity: 8M
 Heap Initial Capacity: 126M
 Heap Max Capacity: 2G
 Pre-touch: Disabled
 Parallel Workers: 10
 Concurrent Workers: 3
 Concurrent Refinement Workers: 10
 Periodic GC: Disabled

Heap:
 garbage-first heap   total 71680K, used 58550K [0x0000000080000000, 0x0000000100000000)
  region size 1024K, 47 young (48128K), 9 survivors (9216K)
 Metaspace       used 27667K, committed 28224K, reserved 1114112K
  class space    used 3441K, committed 3712K, reserved 1048576K

Heap Regions: E=young(eden), S=young(survivor), O=old, HS=humongous(starts), HC=humongous(continues), CS=collection set, F=free, TAMS=top-at-mark-start, PB=parsable bottom
|   0|0x0000000080000000, 0x0000000080100000, 0x0000000080100000|100%| O|  |TAMS 0x0000000080000000| PB 0x0000000080000000| Untracked 
|   1|0x0000000080100000, 0x0000000080200000, 0x0000000080200000|100%|HS|  |TAMS 0x0000000080100000| PB 0x0000000080100000| Complete 
|   2|0x0000000080200000, 0x0000000080300000, 0x0000000080300000|100%|HC|  |TAMS 0x0000000080200000| PB 0x0000000080200000| Complete 
|   3|0x0000000080300000, 0x0000000080400000, 0x0000000080400000|100%|HC|  |TAMS 0x0000000080300000| PB 0x0000000080300000| Complete 
|   4|0x0000000080400000, 0x0000000080500000, 0x0000000080500000|100%| O|  |TAMS 0x0000000080400000| PB 0x0000000080400000| Untracked 
|   5|0x0000000080500000, 0x0000000080600000, 0x0000000080600000|100%| O|  |TAMS 0x0000000080500000| PB 0x0000000080500000| Untracked 
|   6|0x0000000080600000, 0x0000000080700000, 0x0000000080700000|100%| O|  |TAMS 0x0000000080600000| PB 0x0000000080600000| Untracked 
|   7|0x0000000080700000, 0x0000000080800000, 0x0000000080800000|100%|HS|  |TAMS 0x0000000080700000| PB 0x0000000080700000| Complete 
|   8|0x0000000080800000, 0x0000000080800000, 0x0000000080900000|  0%| F|  |TAMS 0x0000000080800000| PB 0x0000000080800000| Untracked 
|   9|0x0000000080900000, 0x0000000080a00000, 0x0000000080a00000|100%| O|  |TAMS 0x0000000080900000| PB 0x0000000080900000| Untracked 
|  10|0x0000000080a00000, 0x0000000080b00000, 0x0000000080b00000|100%| O|  |TAMS 0x0000000080a00000| PB 0x0000000080a00000| Untracked 
|  11|0x0000000080b00000, 0x0000000080c00000, 0x0000000080c00000|100%| O|  |TAMS 0x0000000080b00000| PB 0x0000000080b00000| Untracked 
|  12|0x0000000080c00000, 0x0000000080ceb560, 0x0000000080d00000| 91%| O|Cm|TAMS 0x0000000080c00000| PB 0x0000000080c00000| Complete 
|  13|0x0000000080d00000, 0x0000000080d00000, 0x0000000080e00000|  0%| F|  |TAMS 0x0000000080d00000| PB 0x0000000080d00000| Untracked 
|  14|0x0000000080e00000, 0x0000000080e00000, 0x0000000080f00000|  0%| F|  |TAMS 0x0000000080e00000| PB 0x0000000080e00000| Untracked 
|  15|0x0000000080f00000, 0x0000000080f00000, 0x0000000081000000|  0%| F|  |TAMS 0x0000000080f00000| PB 0x0000000080f00000| Untracked 
|  16|0x0000000081000000, 0x0000000081000000, 0x0000000081100000|  0%| F|  |TAMS 0x0000000081000000| PB 0x0000000081000000| Untracked 
|  17|0x0000000081100000, 0x0000000081100000, 0x0000000081200000|  0%| F|  |TAMS 0x0000000081100000| PB 0x0000000081100000| Untracked 
|  18|0x0000000081200000, 0x0000000081200000, 0x0000000081300000|  0%| F|  |TAMS 0x0000000081200000| PB 0x0000000081200000| Untracked 
|  19|0x0000000081300000, 0x0000000081300000, 0x0000000081400000|  0%| F|  |TAMS 0x0000000081300000| PB 0x0000000081300000| Untracked 
|  20|0x0000000081400000, 0x0000000081400000, 0x0000000081500000|  0%| F|  |TAMS 0x0000000081400000| PB 0x0000000081400000| Untracked 
|  21|0x0000000081500000, 0x0000000081500000, 0x0000000081600000|  0%| F|  |TAMS 0x0000000081500000| PB 0x0000000081500000| Untracked 
|  22|0x0000000081600000, 0x0000000081600000, 0x0000000081700000|  0%| F|  |TAMS 0x0000000081600000| PB 0x0000000081600000| Untracked 
|  23|0x0000000081700000, 0x0000000081772640, 0x0000000081800000| 44%| E|  |TAMS 0x0000000081700000| PB 0x0000000081700000| Complete 
|  24|0x0000000081800000, 0x0000000081900000, 0x0000000081900000|100%| E|CS|TAMS 0x0000000081800000| PB 0x0000000081800000| Complete 
|  25|0x0000000081900000, 0x0000000081a00000, 0x0000000081a00000|100%| E|CS|TAMS 0x0000000081900000| PB 0x0000000081900000| Complete 
|  26|0x0000000081a00000, 0x0000000081b00000, 0x0000000081b00000|100%| E|CS|TAMS 0x0000000081a00000| PB 0x0000000081a00000| Complete 
|  27|0x0000000081b00000, 0x0000000081c00000, 0x0000000081c00000|100%| E|CS|TAMS 0x0000000081b00000| PB 0x0000000081b00000| Complete 
|  28|0x0000000081c00000, 0x0000000081d00000, 0x0000000081d00000|100%| E|CS|TAMS 0x0000000081c00000| PB 0x0000000081c00000| Complete 
|  29|0x0000000081d00000, 0x0000000081e00000, 0x0000000081e00000|100%| E|CS|TAMS 0x0000000081d00000| PB 0x0000000081d00000| Complete 
|  30|0x0000000081e00000, 0x0000000081f00000, 0x0000000081f00000|100%| E|CS|TAMS 0x0000000081e00000| PB 0x0000000081e00000| Complete 
|  31|0x0000000081f00000, 0x0000000082000000, 0x0000000082000000|100%| E|CS|TAMS 0x0000000081f00000| PB 0x0000000081f00000| Complete 
|  32|0x0000000082000000, 0x0000000082100000, 0x0000000082100000|100%| E|CS|TAMS 0x0000000082000000| PB 0x0000000082000000| Complete 
|  33|0x0000000082100000, 0x0000000082200000, 0x0000000082200000|100%| E|CS|TAMS 0x0000000082100000| PB 0x0000000082100000| Complete 
|  34|0x0000000082200000, 0x0000000082300000, 0x0000000082300000|100%| E|CS|TAMS 0x0000000082200000| PB 0x0000000082200000| Complete 
|  35|0x0000000082300000, 0x0000000082400000, 0x0000000082400000|100%| E|CS|TAMS 0x0000000082300000| PB 0x0000000082300000| Complete 
|  36|0x0000000082400000, 0x0000000082500000, 0x0000000082500000|100%| E|CS|TAMS 0x0000000082400000| PB 0x0000000082400000| Complete 
|  37|0x0000000082500000, 0x0000000082600000, 0x0000000082600000|100%| E|CS|TAMS 0x0000000082500000| PB 0x0000000082500000| Complete 
|  38|0x0000000082600000, 0x0000000082700000, 0x0000000082700000|100%| E|CS|TAMS 0x0000000082600000| PB 0x0000000082600000| Complete 
|  39|0x0000000082700000, 0x0000000082800000, 0x0000000082800000|100%| E|CS|TAMS 0x0000000082700000| PB 0x0000000082700000| Complete 
|  40|0x0000000082800000, 0x0000000082900000, 0x0000000082900000|100%| E|CS|TAMS 0x0000000082800000| PB 0x0000000082800000| Complete 
|  41|0x0000000082900000, 0x0000000082a00000, 0x0000000082a00000|100%| E|CS|TAMS 0x0000000082900000| PB 0x0000000082900000| Complete 
|  42|0x0000000082a00000, 0x0000000082b00000, 0x0000000082b00000|100%| E|CS|TAMS 0x0000000082a00000| PB 0x0000000082a00000| Complete 
|  43|0x0000000082b00000, 0x0000000082c00000, 0x0000000082c00000|100%| E|CS|TAMS 0x0000000082b00000| PB 0x0000000082b00000| Complete 
|  44|0x0000000082c00000, 0x0000000082d00000, 0x0000000082d00000|100%| E|CS|TAMS 0x0000000082c00000| PB 0x0000000082c00000| Complete 
|  45|0x0000000082d00000, 0x0000000082e00000, 0x0000000082e00000|100%| E|CS|TAMS 0x0000000082d00000| PB 0x0000000082d00000| Complete 
|  46|0x0000000082e00000, 0x0000000082f00000, 0x0000000082f00000|100%| E|CS|TAMS 0x0000000082e00000| PB 0x0000000082e00000| Complete 
|  47|0x0000000082f00000, 0x0000000083000000, 0x0000000083000000|100%| E|CS|TAMS 0x0000000082f00000| PB 0x0000000082f00000| Complete 
|  48|0x0000000083000000, 0x0000000083100000, 0x0000000083100000|100%| E|CS|TAMS 0x0000000083000000| PB 0x0000000083000000| Complete 
|  49|0x0000000083100000, 0x0000000083200000, 0x0000000083200000|100%| E|CS|TAMS 0x0000000083100000| PB 0x0000000083100000| Complete 
|  50|0x0000000083200000, 0x0000000083300000, 0x0000000083300000|100%| E|CS|TAMS 0x0000000083200000| PB 0x0000000083200000| Complete 
|  51|0x0000000083300000, 0x0000000083400000, 0x0000000083400000|100%| E|CS|TAMS 0x0000000083300000| PB 0x0000000083300000| Complete 
|  52|0x0000000083400000, 0x0000000083500000, 0x0000000083500000|100%| E|CS|TAMS 0x0000000083400000| PB 0x0000000083400000| Complete 
|  53|0x0000000083500000, 0x0000000083600000, 0x0000000083600000|100%| E|CS|TAMS 0x0000000083500000| PB 0x0000000083500000| Complete 
|  54|0x0000000083600000, 0x0000000083700000, 0x0000000083700000|100%| E|CS|TAMS 0x0000000083600000| PB 0x0000000083600000| Complete 
|  55|0x0000000083700000, 0x0000000083800000, 0x0000000083800000|100%| E|CS|TAMS 0x0000000083700000| PB 0x0000000083700000| Complete 
|  56|0x0000000083800000, 0x0000000083900000, 0x0000000083900000|100%| E|CS|TAMS 0x0000000083800000| PB 0x0000000083800000| Complete 
|  57|0x0000000083900000, 0x0000000083a00000, 0x0000000083a00000|100%| E|CS|TAMS 0x0000000083900000| PB 0x0000000083900000| Complete 
|  58|0x0000000083a00000, 0x0000000083b00000, 0x0000000083b00000|100%| E|CS|TAMS 0x0000000083a00000| PB 0x0000000083a00000| Complete 
|  59|0x0000000083b00000, 0x0000000083c00000, 0x0000000083c00000|100%| E|CS|TAMS 0x0000000083b00000| PB 0x0000000083b00000| Complete 
|  93|0x0000000085d00000, 0x0000000085d422c0, 0x0000000085e00000| 25%| S|CS|TAMS 0x0000000085d00000| PB 0x0000000085d00000| Complete 
|  94|0x0000000085e00000, 0x0000000085f00000, 0x0000000085f00000|100%| S|CS|TAMS 0x0000000085e00000| PB 0x0000000085e00000| Complete 
|  95|0x0000000085f00000, 0x0000000086000000, 0x0000000086000000|100%| S|CS|TAMS 0x0000000085f00000| PB 0x0000000085f00000| Complete 
|  96|0x0000000086000000, 0x0000000086100000, 0x0000000086100000|100%| S|CS|TAMS 0x0000000086000000| PB 0x0000000086000000| Complete 
|  97|0x0000000086100000, 0x0000000086200000, 0x0000000086200000|100%| S|CS|TAMS 0x0000000086100000| PB 0x0000000086100000| Complete 
|  98|0x0000000086200000, 0x0000000086300000, 0x0000000086300000|100%| S|CS|TAMS 0x0000000086200000| PB 0x0000000086200000| Complete 
|  99|0x0000000086300000, 0x0000000086400000, 0x0000000086400000|100%| S|CS|TAMS 0x0000000086300000| PB 0x0000000086300000| Complete 
| 100|0x0000000086400000, 0x0000000086500000, 0x0000000086500000|100%| S|CS|TAMS 0x0000000086400000| PB 0x0000000086400000| Complete 
| 101|0x0000000086500000, 0x0000000086600000, 0x0000000086600000|100%| S|CS|TAMS 0x0000000086500000| PB 0x0000000086500000| Complete 
| 125|0x0000000087d00000, 0x0000000087e00000, 0x0000000087e00000|100%| E|CS|TAMS 0x0000000087d00000| PB 0x0000000087d00000| Complete 

Card table byte_map: [0x000002183c680000,0x000002183ca80000] _byte_map_base: 0x000002183c280000

Marking Bits: (CMBitMap*) 0x0000021829447860
 Bits: [0x000002183ca80000, 0x000002183ea80000)

Polling page: 0x0000021827b40000

Metaspace:

Usage:
  Non-class:     23.67 MB used.
      Class:      3.36 MB used.
       Both:     27.03 MB used.

Virtual space:
  Non-class space:       64.00 MB reserved,      23.94 MB ( 37%) committed,  1 nodes.
      Class space:        1.00 GB reserved,       3.62 MB ( <1%) committed,  1 nodes.
             Both:        1.06 GB reserved,      27.56 MB (  3%) committed. 

Chunk freelists:
   Non-Class:  7.16 MB
       Class:  12.39 MB
        Both:  19.55 MB

MaxMetaspaceSize: unlimited
CompressedClassSpaceSize: 1.00 GB
Initial GC threshold: 21.00 MB
Current GC threshold: 35.25 MB
CDS: off
 - commit_granule_bytes: 65536.
 - commit_granule_words: 8192.
 - virtual_space_node_default_size: 8388608.
 - enlarge_chunks_in_place: 1.
 - use_allocation_guard: 0.


Internal statistics:

num_allocs_failed_limit: 3.
num_arena_births: 660.
num_arena_deaths: 0.
num_vsnodes_births: 2.
num_vsnodes_deaths: 0.
num_space_committed: 441.
num_space_uncommitted: 0.
num_chunks_returned_to_freelist: 3.
num_chunks_taken_from_freelist: 1374.
num_chunk_merges: 3.
num_chunk_splits: 871.
num_chunks_enlarged: 582.
num_inconsistent_stats: 0.

CodeHeap 'non-profiled nmethods': size=120000Kb used=1352Kb max_used=1352Kb free=118647Kb
 bounds [0x00000218340c0000, 0x0000021834330000, 0x000002183b5f0000]
CodeHeap 'profiled nmethods': size=120000Kb used=5434Kb max_used=5434Kb free=114565Kb
 bounds [0x000002182c5f0000, 0x000002182cb40000, 0x0000021833b20000]
CodeHeap 'non-nmethods': size=5760Kb used=1476Kb max_used=1552Kb free=4283Kb
 bounds [0x0000021833b20000, 0x0000021833d90000, 0x00000218340c0000]
 total_blobs=3317 nmethods=2741 adapters=480
 compilation: enabled
              stopped_count=0, restarted_count=0
 full_count=0

Compilation events (20 events):
Event: 2.380 Thread 0x000002184191f240 2729       3       com.google.common.base.Preconditions::checkArgument (28 bytes)
Event: 2.380 Thread 0x000002184191f240 nmethod 2729 0x000002182cb34910 code [0x000002182cb34b00, 0x000002182cb350f0]
Event: 2.380 Thread 0x000002184191f240 2730       3       com.google.common.io.BaseEncoding$Alphabet::encode (7 bytes)
Event: 2.380 Thread 0x000002184191f240 nmethod 2730 0x000002182cb35310 code [0x000002182cb354c0, 0x000002182cb35600]
Event: 2.386 Thread 0x000002184191f240 2731       1       sun.reflect.generics.repository.AbstractRepository::getFactory (5 bytes)
Event: 2.386 Thread 0x000002184191f240 nmethod 2731 0x00000218341fef10 code [0x00000218341ff0a0, 0x00000218341ff168]
Event: 2.387 Thread 0x000002184191f240 2733       3       org.gradle.internal.service.DefaultServiceRegistry::isAssignableFromAnyType (41 bytes)
Event: 2.387 Thread 0x000002184191f240 nmethod 2733 0x000002182cb35710 code [0x000002182cb35920, 0x000002182cb35e80]
Event: 2.387 Thread 0x000002184191f240 2732       3       org.gradle.internal.service.DefaultServiceRegistry::access$1500 (6 bytes)
Event: 2.387 Thread 0x000002184191f240 nmethod 2732 0x000002182cb36010 code [0x000002182cb361c0, 0x000002182cb362d8]
Event: 2.387 Thread 0x000002184191f240 2734       3       org.gradle.internal.service.DefaultServiceRegistry$CollectingVisitor::visit (25 bytes)
Event: 2.387 Thread 0x000002184191f240 nmethod 2734 0x000002182cb36390 code [0x000002182cb36560, 0x000002182cb36830]
Event: 2.394 Thread 0x000002184191f240 2735   !   3       org.gradle.internal.classloader.TransformingClassLoader::findClass (203 bytes)
Event: 2.396 Thread 0x000002184191f240 nmethod 2735 0x000002182cb36910 code [0x000002182cb36e20, 0x000002182cb390a8]
Event: 2.396 Thread 0x000002184191f240 2736       3       org.gradle.initialization.MixInLegacyTypesClassLoader::shouldTransform (42 bytes)
Event: 2.396 Thread 0x000002184191f240 nmethod 2736 0x000002182cb3a090 code [0x000002182cb3a260, 0x000002182cb3a628]
Event: 2.808 Thread 0x000002184191f240 2737       3       jdk.internal.misc.Unsafe::weakCompareAndSetInt (11 bytes)
Event: 2.809 Thread 0x000002184191f240 nmethod 2737 0x000002182cb3a810 code [0x000002182cb3a9a0, 0x000002182cb3aac8]
Event: 2.917 Thread 0x000002184191f240 2738       3       java.util.concurrent.locks.ReentrantLock$Sync::isHeldExclusively (16 bytes)
Event: 2.917 Thread 0x000002184191f240 nmethod 2738 0x000002182cb3ab90 code [0x000002182cb3ad40, 0x000002182cb3aed0]

GC Heap History (8 events):
Event: 0.345 GC heap before
{Heap before GC invocations=0 (full 0):
 garbage-first heap   total 129024K, used 22528K [0x0000000080000000, 0x0000000100000000)
  region size 1024K, 23 young (23552K), 0 survivors (0K)
 Metaspace       used 7980K, committed 8128K, reserved 1114112K
  class space    used 712K, committed 768K, reserved 1048576K
}
Event: 0.349 GC heap after
{Heap after GC invocations=1 (full 0):
 garbage-first heap   total 129024K, used 3631K [0x0000000080000000, 0x0000000100000000)
  region size 1024K, 3 young (3072K), 3 survivors (3072K)
 Metaspace       used 7980K, committed 8128K, reserved 1114112K
  class space    used 712K, committed 768K, reserved 1048576K
}
Event: 0.754 GC heap before
{Heap before GC invocations=1 (full 0):
 garbage-first heap   total 129024K, used 40495K [0x0000000080000000, 0x0000000100000000)
  region size 1024K, 37 young (37888K), 3 survivors (3072K)
 Metaspace       used 12169K, committed 12352K, reserved 1114112K
  class space    used 1278K, committed 1408K, reserved 1048576K
}
Event: 0.759 GC heap after
{Heap after GC invocations=2 (full 0):
 garbage-first heap   total 129024K, used 11282K [0x0000000080000000, 0x0000000100000000)
  region size 1024K, 5 young (5120K), 5 survivors (5120K)
 Metaspace       used 12169K, committed 12352K, reserved 1114112K
  class space    used 1278K, committed 1408K, reserved 1048576K
}
Event: 1.201 GC heap before
{Heap before GC invocations=2 (full 0):
 garbage-first heap   total 129024K, used 59410K [0x0000000080000000, 0x0000000100000000)
  region size 1024K, 51 young (52224K), 5 survivors (5120K)
 Metaspace       used 13491K, committed 13760K, reserved 1114112K
  class space    used 1487K, committed 1600K, reserved 1048576K
}
Event: 1.207 GC heap after
{Heap after GC invocations=3 (full 0):
 garbage-first heap   total 129024K, used 17225K [0x0000000080000000, 0x0000000100000000)
  region size 1024K, 5 young (5120K), 5 survivors (5120K)
 Metaspace       used 13491K, committed 13760K, reserved 1114112K
  class space    used 1487K, committed 1600K, reserved 1048576K
}
Event: 1.778 GC heap before
{Heap before GC invocations=3 (full 0):
 garbage-first heap   total 129024K, used 40777K [0x0000000080000000, 0x0000000100000000)
  region size 1024K, 29 young (29696K), 5 survivors (5120K)
 Metaspace       used 21199K, committed 21504K, reserved 1114112K
  class space    used 2445K, committed 2624K, reserved 1048576K
}
Event: 1.782 GC heap after
{Heap after GC invocations=4 (full 0):
 garbage-first heap   total 129024K, used 20662K [0x0000000080000000, 0x0000000100000000)
  region size 1024K, 9 young (9216K), 9 survivors (9216K)
 Metaspace       used 21199K, committed 21504K, reserved 1114112K
  class space    used 2445K, committed 2624K, reserved 1048576K
}

Dll operation events (3 events):
Event: 0.010 Loaded shared library C:\Program Files\Android\Android Studio\jbr\bin\java.dll
Event: 0.015 Loaded shared library C:\Program Files\Android\Android Studio\jbr\bin\zip.dll
Event: 0.393 Loaded shared library C:\Program Files\Android\Android Studio\jbr\bin\verify.dll

Deoptimization events (20 events):
Event: 2.130 Thread 0x0000021847af5b70 Uncommon trap: trap_request=0xffffff45 fr.pc=0x00000218340e36a0 relative=0x00000000000001e0
Event: 2.130 Thread 0x0000021847af5b70 Uncommon trap: reason=unstable_if action=reinterpret pc=0x00000218340e36a0 method=java.util.regex.Matcher.reset()Ljava/util/regex/Matcher; @ 47 c2
Event: 2.130 Thread 0x0000021847af5b70 DEOPT PACKING pc=0x00000218340e36a0 sp=0x00000034f59face0
Event: 2.130 Thread 0x0000021847af5b70 DEOPT UNPACKING pc=0x0000021833b746a2 sp=0x00000034f59fac70 mode 2
Event: 2.187 Thread 0x0000021847af5b70 Uncommon trap: trap_request=0xffffff45 fr.pc=0x00000218340e878c relative=0x0000000000000d8c
Event: 2.187 Thread 0x0000021847af5b70 Uncommon trap: reason=unstable_if action=reinterpret pc=0x00000218340e878c method=java.io.WinNTFileSystem.resolve(Ljava/lang/String;Ljava/lang/String;)Ljava/lang/String; @ 19 c2
Event: 2.187 Thread 0x0000021847af5b70 DEOPT PACKING pc=0x00000218340e878c sp=0x00000034f59fb7f0
Event: 2.187 Thread 0x0000021847af5b70 DEOPT UNPACKING pc=0x0000021833b746a2 sp=0x00000034f59fb788 mode 2
Event: 2.189 Thread 0x0000021847af5b70 DEOPT PACKING pc=0x000002182c6d61d9 sp=0x00000034f59faff0
Event: 2.189 Thread 0x0000021847af5b70 DEOPT UNPACKING pc=0x0000021833b74e42 sp=0x00000034f59fa488 mode 0
Event: 2.190 Thread 0x0000021847af5b70 Uncommon trap: trap_request=0xffffff45 fr.pc=0x00000218341597f8 relative=0x0000000000000698
Event: 2.190 Thread 0x0000021847af5b70 Uncommon trap: reason=unstable_if action=reinterpret pc=0x00000218341597f8 method=java.io.File.getName()Ljava/lang/String; @ 16 c2
Event: 2.190 Thread 0x0000021847af5b70 DEOPT PACKING pc=0x00000218341597f8 sp=0x00000034f59fb7b0
Event: 2.190 Thread 0x0000021847af5b70 DEOPT UNPACKING pc=0x0000021833b746a2 sp=0x00000034f59fb780 mode 2
Event: 2.243 Thread 0x0000021847af5b70 Uncommon trap: trap_request=0xffffff45 fr.pc=0x00000218340ea694 relative=0x00000000000000f4
Event: 2.243 Thread 0x0000021847af5b70 Uncommon trap: reason=unstable_if action=reinterpret pc=0x00000218340ea694 method=java.util.HashMap.hash(Ljava/lang/Object;)I @ 1 c2
Event: 2.243 Thread 0x0000021847af5b70 DEOPT PACKING pc=0x00000218340ea694 sp=0x00000034f59fc810
Event: 2.243 Thread 0x0000021847af5b70 DEOPT UNPACKING pc=0x0000021833b746a2 sp=0x00000034f59fc750 mode 2
Event: 2.336 Thread 0x0000021847af5b70 DEOPT PACKING pc=0x000002182cab5da2 sp=0x00000034f59fba20
Event: 2.336 Thread 0x0000021847af5b70 DEOPT UNPACKING pc=0x0000021833b74e42 sp=0x00000034f59faf30 mode 0

Classes loaded (20 events):
Event: 2.301 Loading class java/lang/invoke/BoundMethodHandle$Species_LLLLLLLLLLLLLLLLLL
Event: 2.301 Loading class java/lang/invoke/BoundMethodHandle$Species_LLLLLLLLLLLLLLLLLL done
Event: 2.302 Loading class java/lang/invoke/BoundMethodHandle$Species_LLLLLLLLLLLLLLLLLLL
Event: 2.302 Loading class java/lang/invoke/BoundMethodHandle$Species_LLLLLLLLLLLLLLLLLLL done
Event: 2.304 Loading class java/lang/invoke/BoundMethodHandle$Species_LLLLLLLLLLLLLLLLLLLL
Event: 2.304 Loading class java/lang/invoke/BoundMethodHandle$Species_LLLLLLLLLLLLLLLLLLLL done
Event: 2.305 Loading class java/lang/invoke/BoundMethodHandle$Species_LLLLLLLLLLLLLLLLLLLLL
Event: 2.305 Loading class java/lang/invoke/BoundMethodHandle$Species_LLLLLLLLLLLLLLLLLLLLL done
Event: 2.306 Loading class java/lang/invoke/BoundMethodHandle$Species_LLLLLLLLLLLLLLLLLLLLLL
Event: 2.306 Loading class java/lang/invoke/BoundMethodHandle$Species_LLLLLLLLLLLLLLLLLLLLLL done
Event: 2.307 Loading class java/lang/invoke/BoundMethodHandle$Species_LLLLLLLLLLLLLLLLLLLLLLL
Event: 2.307 Loading class java/lang/invoke/BoundMethodHandle$Species_LLLLLLLLLLLLLLLLLLLLLLL done
Event: 2.324 Loading class java/lang/management/MemoryType
Event: 2.324 Loading class java/lang/management/MemoryType done
Event: 2.325 Loading class java/lang/management/MemoryUsage
Event: 2.325 Loading class java/lang/management/MemoryUsage done
Event: 2.325 Loading class java/util/concurrent/LinkedBlockingDeque$Node
Event: 2.325 Loading class java/util/concurrent/LinkedBlockingDeque$Node done
Event: 2.341 Loading class java/util/Collections$2
Event: 2.341 Loading class java/util/Collections$2 done

Classes unloaded (0 events):
No events

Classes redefined (0 events):
No events

Internal exceptions (20 events):
Event: 2.090 Thread 0x0000021847af5b70 Exception <a 'java/lang/IncompatibleClassChangeError'{0x0000000082c59780}: Found class java.lang.Object, but interface was expected> (0x0000000082c59780) 
thrown [s\src\hotspot\share\interpreter\linkResolver.cpp, line 851]
Event: 2.110 Thread 0x0000021847af5b70 Exception <a 'java/lang/NoSuchMethodError'{0x0000000082bab568}: 'java.lang.Object java.lang.invoke.DirectMethodHandle$Holder.newInvokeSpecial(java.lang.Object, java.lang.Object, int)'> (0x0000000082bab568) 
thrown [s\src\hotspot\share\interpreter\linkResolver.cpp, line 784]
Event: 2.172 Thread 0x0000021847af5b70 Exception <a 'java/lang/NoSuchMethodError'{0x00000000828ee870}: 'java.lang.Object java.lang.invoke.DirectMethodHandle$Holder.invokeVirtual(java.lang.Object, java.lang.Object, java.lang.Object, java.lang.Object, java.lang.Object, java.lang.Object, java.lang.Object, java.lang.Object)'> (0x00000000828ee870) 
thrown [s\src\hotspot\share\interpreter\linkResolver.cpp, line 784]
Event: 2.220 Thread 0x0000021847af5b70 Exception <a 'java/lang/NoSuchMethodError'{0x00000000825530b0}: 'int java.lang.invoke.DirectMethodHandle$Holder.invokeSpecialIFC(java.lang.Object, java.lang.Object, java.lang.Object, java.lang.Object)'> (0x00000000825530b0) 
thrown [s\src\hotspot\share\interpreter\linkResolver.cpp, line 784]
Event: 2.223 Thread 0x0000021847af5b70 Exception <a 'java/lang/NoSuchMethodError'{0x00000000825608f8}: 'java.lang.Object java.lang.invoke.DirectMethodHandle$Holder.invokeInterface(java.lang.Object, java.lang.Object, java.lang.Object)'> (0x00000000825608f8) 
thrown [s\src\hotspot\share\interpreter\linkResolver.cpp, line 784]
Event: 2.223 Thread 0x0000021847af5b70 Exception <a 'java/lang/IncompatibleClassChangeError'{0x0000000082564510}: Found class java.lang.Object, but interface was expected> (0x0000000082564510) 
thrown [s\src\hotspot\share\interpreter\linkResolver.cpp, line 851]
Event: 2.243 Thread 0x0000021847af5b70 Implicit null exception at 0x00000218340ea5e6 to 0x00000218340ea68a
Event: 2.258 Thread 0x0000021847af5b70 Exception <a 'java/lang/NoSuchMethodError'{0x00000000823503e0}: 'int java.lang.invoke.DirectMethodHandle$Holder.invokeStatic(java.lang.Object, java.lang.Object, java.lang.Object, java.lang.Object)'> (0x00000000823503e0) 
thrown [s\src\hotspot\share\interpreter\linkResolver.cpp, line 784]
Event: 2.294 Thread 0x0000021847af5b70 Exception <a 'java/lang/NoSuchMethodError'{0x00000000821336f8}: 'java.lang.Object java.lang.invoke.DelegatingMethodHandle$Holder.reinvoke_L(java.lang.Object, java.lang.Object, java.lang.Object, java.lang.Object, java.lang.Object, java.lang.Object, java.lang.Object, java.lang.Object, java.lang.Object, java.lang.Object, java.lang.Object, java.lang.Object, java.lang.Object, java.lang.Object, java.lang.Object, java.lang.Object, java.lang.Object, java.lang.Object, java.lang.Object, java.lang.Object, java.lang.O
Event: 2.297 Thread 0x0000021847af5b70 Exception <a 'java/lang/NoSuchMethodError'{0x00000000821a1870}: 'java.lang.Object java.lang.invoke.DirectMethodHandle$Holder.invokeStatic(java.lang.Object, java.lang.Object, java.lang.Object, java.lang.Object, java.lang.Object, java.lang.Object, java.lang.Object, java.lang.Object, java.lang.Object, java.lang.Object, java.lang.Object, java.lang.Object, java.lang.Object, java.lang.Object, java.lang.Object, java.lang.Object, java.lang.Object)'> (0x00000000821a1870) 
thrown [s\src\hotspot\share\interpreter\lin
Event: 2.298 Thread 0x0000021847af5b70 Exception <a 'java/lang/NoSuchMethodError'{0x00000000821ca600}: 'java.lang.Object java.lang.invoke.DirectMethodHandle$Holder.invokeStatic(java.lang.Object, java.lang.Object, java.lang.Object, java.lang.Object, java.lang.Object, java.lang.Object, java.lang.Object, java.lang.Object, java.lang.Object, java.lang.Object, java.lang.Object, java.lang.Object, java.lang.Object, java.lang.Object, java.lang.Object, java.lang.Object, java.lang.Object, java.lang.Object)'> (0x00000000821ca600) 
thrown [s\src\hotspot\sha
Event: 2.299 Thread 0x0000021847af5b70 Exception <a 'java/lang/NoSuchMethodError'{0x00000000821f48f0}: 'java.lang.Object java.lang.invoke.DirectMethodHandle$Holder.invokeStatic(java.lang.Object, java.lang.Object, java.lang.Object, java.lang.Object, java.lang.Object, java.lang.Object, java.lang.Object, java.lang.Object, java.lang.Object, java.lang.Object, java.lang.Object, java.lang.Object, java.lang.Object, java.lang.Object, java.lang.Object, java.lang.Object, java.lang.Object, java.lang.Object, java.lang.Object)'> (0x00000000821f48f0) 
thrown 
Event: 2.300 Thread 0x0000021847af5b70 Exception <a 'java/lang/NoSuchMethodError'{0x0000000082020060}: 'java.lang.Object java.lang.invoke.DirectMethodHandle$Holder.invokeStatic(java.lang.Object, java.lang.Object, java.lang.Object, java.lang.Object, java.lang.Object, java.lang.Object, java.lang.Object, java.lang.Object, java.lang.Object, java.lang.Object, java.lang.Object, java.lang.Object, java.lang.Object, java.lang.Object, java.lang.Object, java.lang.Object, java.lang.Object, java.lang.Object, java.lang.Object, java.lang.Object)'> (0x00000000
Event: 2.302 Thread 0x0000021847af5b70 Exception <a 'java/lang/NoSuchMethodError'{0x000000008204c760}: 'java.lang.Object java.lang.invoke.DirectMethodHandle$Holder.invokeStatic(java.lang.Object, java.lang.Object, java.lang.Object, java.lang.Object, java.lang.Object, java.lang.Object, java.lang.Object, java.lang.Object, java.lang.Object, java.lang.Object, java.lang.Object, java.lang.Object, java.lang.Object, java.lang.Object, java.lang.Object, java.lang.Object, java.lang.Object, java.lang.Object, java.lang.Object, java.lang.Object, java.lang.Obj
Event: 2.303 Thread 0x0000021847af5b70 Exception <a 'java/lang/NoSuchMethodError'{0x000000008207a268}: 'java.lang.Object java.lang.invoke.DirectMethodHandle$Holder.invokeStatic(java.lang.Object, java.lang.Object, java.lang.Object, java.lang.Object, java.lang.Object, java.lang.Object, java.lang.Object, java.lang.Object, java.lang.Object, java.lang.Object, java.lang.Object, java.lang.Object, java.lang.Object, java.lang.Object, java.lang.Object, java.lang.Object, java.lang.Object, java.lang.Object, java.lang.Object, java.lang.Object, java.lang.Obj
Event: 2.304 Thread 0x0000021847af5b70 Exception <a 'java/lang/NoSuchMethodError'{0x00000000820a8528}: 'java.lang.Object java.lang.invoke.DirectMethodHandle$Holder.invokeStatic(java.lang.Object, java.lang.Object, java.lang.Object, java.lang.Object, java.lang.Object, java.lang.Object, java.lang.Object, java.lang.Object, java.lang.Object, java.lang.Object, java.lang.Object, java.lang.Object, java.lang.Object, java.lang.Object, java.lang.Object, java.lang.Object, java.lang.Object, java.lang.Object, java.lang.Object, java.lang.Object, java.lang.Obj
Event: 2.306 Thread 0x0000021847af5b70 Exception <a 'java/lang/NoSuchMethodError'{0x00000000820d79b8}: 'java.lang.Object java.lang.invoke.DirectMethodHandle$Holder.invokeStatic(java.lang.Object, java.lang.Object, java.lang.Object, java.lang.Object, java.lang.Object, java.lang.Object, java.lang.Object, java.lang.Object, java.lang.Object, java.lang.Object, java.lang.Object, java.lang.Object, java.lang.Object, java.lang.Object, java.lang.Object, java.lang.Object, java.lang.Object, java.lang.Object, java.lang.Object, java.lang.Object, java.lang.Obj
Event: 2.307 Thread 0x0000021847af5b70 Exception <a 'java/lang/NoSuchMethodError'{0x0000000081f09818}: 'java.lang.Object java.lang.invoke.DirectMethodHandle$Holder.invokeStatic(java.lang.Object, java.lang.Object, java.lang.Object, java.lang.Object, java.lang.Object, java.lang.Object, java.lang.Object, java.lang.Object, java.lang.Object, java.lang.Object, java.lang.Object, java.lang.Object, java.lang.Object, java.lang.Object, java.lang.Object, java.lang.Object, java.lang.Object, java.lang.Object, java.lang.Object, java.lang.Object, java.lang.Obj
Event: 2.309 Thread 0x0000021847af5b70 Exception <a 'java/lang/NoSuchMethodError'{0x0000000081f3af58}: 'java.lang.Object java.lang.invoke.DirectMethodHandle$Holder.invokeStatic(java.lang.Object, java.lang.Object, java.lang.Object, java.lang.Object, java.lang.Object, java.lang.Object, java.lang.Object, java.lang.Object, java.lang.Object, java.lang.Object, java.lang.Object, java.lang.Object, java.lang.Object, java.lang.Object, java.lang.Object, java.lang.Object, java.lang.Object, java.lang.Object, java.lang.Object, java.lang.Object, java.lang.Obj
Event: 2.328 Thread 0x0000021847af5b70 Exception <a 'java/lang/IncompatibleClassChangeError'{0x0000000081ea5148}: Found class java.lang.Object, but interface was expected> (0x0000000081ea5148) 
thrown [s\src\hotspot\share\interpreter\linkResolver.cpp, line 851]

ZGC Phase Switch (0 events):
No events

VM Operations (20 events):
Event: 1.421 Executing VM operation: HandshakeAllThreads (Deoptimize)
Event: 1.421 Executing VM operation: HandshakeAllThreads (Deoptimize) done
Event: 1.476 Executing VM operation: HandshakeAllThreads (Deoptimize)
Event: 1.476 Executing VM operation: HandshakeAllThreads (Deoptimize) done
Event: 1.638 Executing VM operation: HandshakeAllThreads (Deoptimize)
Event: 1.638 Executing VM operation: HandshakeAllThreads (Deoptimize) done
Event: 1.778 Executing VM operation: CollectForMetadataAllocation (Metadata GC Threshold)
Event: 1.782 Executing VM operation: CollectForMetadataAllocation (Metadata GC Threshold) done
Event: 1.786 Executing VM operation: G1PauseRemark
Event: 1.787 Executing VM operation: G1PauseRemark done
Event: 1.789 Executing VM operation: G1PauseCleanup
Event: 1.791 Executing VM operation: G1PauseCleanup done
Event: 2.108 Executing VM operation: HandshakeAllThreads (Deoptimize)
Event: 2.108 Executing VM operation: HandshakeAllThreads (Deoptimize) done
Event: 2.316 Executing VM operation: HandshakeAllThreads (Deoptimize)
Event: 2.316 Executing VM operation: HandshakeAllThreads (Deoptimize) done
Event: 2.317 Executing VM operation: HandshakeAllThreads (Deoptimize)
Event: 2.317 Executing VM operation: HandshakeAllThreads (Deoptimize) done
Event: 3.325 Executing VM operation: Cleanup
Event: 3.325 Executing VM operation: Cleanup done

Memory protections (0 events):
No events

Nmethod flushes (0 events):
No events

Events (20 events):
Event: 0.294 Thread 0x00000218418e1560 Thread added: 0x00000218460f06e0
Event: 0.484 Loaded shared library C:\Users\4P_2\.gradle\native\c067742578af261105cb4f569cf0c3c89f3d7b1fecec35dd04571415982c5e48\windows-amd64\native-platform.dll
Event: 0.493 Loaded shared library C:\Users\4P_2\.gradle\native\100fb08df4bc3b14c8652ba06237920a3bd2aa13389f12d3474272988ae205f9\windows-amd64\native-platform-file-events.dll
Event: 0.818 Thread 0x00000218460f06e0 Thread exited: 0x00000218460f06e0
Event: 1.295 Loaded shared library C:\Program Files\Android\Android Studio\jbr\bin\management.dll
Event: 1.298 Loaded shared library C:\Program Files\Android\Android Studio\jbr\bin\management_ext.dll
Event: 1.323 Thread 0x00000218293ecf00 Thread added: 0x0000021847bf43f0
Event: 1.495 Loaded shared library C:\Program Files\Android\Android Studio\jbr\bin\extnet.dll
Event: 1.515 Thread 0x00000218293ecf00 Thread added: 0x0000021847a41470
Event: 1.624 Thread 0x00000218293ecf00 Thread added: 0x0000021847a40140
Event: 1.662 Thread 0x0000021847a41470 Thread added: 0x0000021847d1c670
Event: 1.664 Thread 0x0000021847d1c670 Thread added: 0x0000021847d21180
Event: 1.687 Thread 0x0000021847d1c670 Thread added: 0x0000021847af44f0
Event: 1.695 Thread 0x0000021847d1c670 Thread added: 0x0000021847af5b70
Event: 1.705 Thread 0x0000021847af5b70 Thread added: 0x0000021847b15010
Event: 1.709 Thread 0x0000021847af5b70 Thread added: 0x0000021847b18cb0
Event: 1.713 Thread 0x0000021847af5b70 Thread added: 0x0000021847b1ad80
Event: 2.109 Thread 0x0000021847af5b70 Thread added: 0x0000021847b1b410
Event: 2.116 Thread 0x0000021847af5b70 Thread added: 0x0000021847b1a060
Event: 2.152 Thread 0x0000021847af5b70 Thread added: 0x0000021847b18620


Dynamic libraries:
0x00007ff7edb10000 - 0x00007ff7edb1a000 	C:\Program Files\Android\Android Studio\jbr\bin\java.exe
0x00007ffc772e0000 - 0x00007ffc77540000 	C:\WINDOWS\SYSTEM32\ntdll.dll
0x00007ffc76470000 - 0x00007ffc76537000 	C:\WINDOWS\System32\KERNEL32.DLL
0x00007ffc74910000 - 0x00007ffc74cda000 	C:\WINDOWS\System32\KERNELBASE.dll
0x00007ffc74700000 - 0x00007ffc7484b000 	C:\WINDOWS\System32\ucrtbase.dll
0x00007ffc70180000 - 0x00007ffc7019b000 	C:\Program Files\Android\Android Studio\jbr\bin\VCRUNTIME140.dll
0x00007ffc5b4d0000 - 0x00007ffc5b4e8000 	C:\Program Files\Android\Android Studio\jbr\bin\jli.dll
0x00007ffc752f0000 - 0x00007ffc754bc000 	C:\WINDOWS\System32\USER32.dll
0x00007ffc65240000 - 0x00007ffc654d7000 	C:\WINDOWS\WinSxS\amd64_microsoft.windows.common-controls_6595b64144ccf1df_6.0.26100.3624_none_3e086962e3345f24\COMCTL32.dll
0x00007ffc746d0000 - 0x00007ffc746f7000 	C:\WINDOWS\System32\win32u.dll
0x00007ffc76340000 - 0x00007ffc763e9000 	C:\WINDOWS\System32\msvcrt.dll
0x00007ffc76fc0000 - 0x00007ffc76fea000 	C:\WINDOWS\System32\GDI32.dll
0x00007ffc74fa0000 - 0x00007ffc750d1000 	C:\WINDOWS\System32\gdi32full.dll
0x00007ffc74ef0000 - 0x00007ffc74f93000 	C:\WINDOWS\System32\msvcp_win.dll
0x00007ffc751b0000 - 0x00007ffc751df000 	C:\WINDOWS\System32\IMM32.DLL
0x00007ffc70e60000 - 0x00007ffc70e6c000 	C:\Program Files\Android\Android Studio\jbr\bin\vcruntime140_1.dll
0x00007ffc31450000 - 0x00007ffc314dd000 	C:\Program Files\Android\Android Studio\jbr\bin\msvcp140.dll
0x00007ffc2b380000 - 0x00007ffc2c00a000 	C:\Program Files\Android\Android Studio\jbr\bin\server\jvm.dll
0x00007ffc750e0000 - 0x00007ffc75192000 	C:\WINDOWS\System32\ADVAPI32.dll
0x00007ffc75720000 - 0x00007ffc757c6000 	C:\WINDOWS\System32\sechost.dll
0x00007ffc77100000 - 0x00007ffc77216000 	C:\WINDOWS\System32\RPCRT4.dll
0x00007ffc751f0000 - 0x00007ffc75264000 	C:\WINDOWS\System32\WS2_32.dll
0x00007ffc74260000 - 0x00007ffc742be000 	C:\WINDOWS\SYSTEM32\POWRPROF.dll
0x00007ffc6e100000 - 0x00007ffc6e10b000 	C:\WINDOWS\SYSTEM32\VERSION.dll
0x00007ffc700e0000 - 0x00007ffc70116000 	C:\WINDOWS\SYSTEM32\WINMM.dll
0x00007ffc74240000 - 0x00007ffc74254000 	C:\WINDOWS\SYSTEM32\UMPDC.dll
0x00007ffc73290000 - 0x00007ffc732aa000 	C:\WINDOWS\SYSTEM32\kernel.appcore.dll
0x00007ffc6e7b0000 - 0x00007ffc6e7ba000 	C:\Program Files\Android\Android Studio\jbr\bin\jimage.dll
0x00007ffc559b0000 - 0x00007ffc55bf1000 	C:\WINDOWS\SYSTEM32\DBGHELP.DLL
0x00007ffc75b10000 - 0x00007ffc75e92000 	C:\WINDOWS\System32\combase.dll
0x00007ffc755b0000 - 0x00007ffc75686000 	C:\WINDOWS\System32\OLEAUT32.dll
0x00007ffc153a0000 - 0x00007ffc153d9000 	C:\WINDOWS\SYSTEM32\dbgcore.DLL
0x00007ffc74e50000 - 0x00007ffc74ee9000 	C:\WINDOWS\System32\bcryptPrimitives.dll
0x00007ffc669d0000 - 0x00007ffc669de000 	C:\Program Files\Android\Android Studio\jbr\bin\instrument.dll
0x00007ffc6e2b0000 - 0x00007ffc6e2d0000 	C:\Program Files\Android\Android Studio\jbr\bin\java.dll
0x00007ffc66f90000 - 0x00007ffc66fa8000 	C:\Program Files\Android\Android Studio\jbr\bin\zip.dll
0x00007ffc76550000 - 0x00007ffc76c79000 	C:\WINDOWS\System32\SHELL32.dll
0x00007ffc74ce0000 - 0x00007ffc74e48000 	C:\WINDOWS\System32\wintypes.dll
0x00007ffc72140000 - 0x00007ffc72992000 	C:\WINDOWS\SYSTEM32\windows.storage.dll
0x00007ffc754c0000 - 0x00007ffc755ad000 	C:\WINDOWS\System32\SHCORE.dll
0x00007ffc75850000 - 0x00007ffc758b4000 	C:\WINDOWS\System32\shlwapi.dll
0x00007ffc743d0000 - 0x00007ffc743ff000 	C:\WINDOWS\SYSTEM32\profapi.dll
0x00007ffc6e7a0000 - 0x00007ffc6e7b0000 	C:\Program Files\Android\Android Studio\jbr\bin\net.dll
0x00007ffc6dcf0000 - 0x00007ffc6de0d000 	C:\WINDOWS\SYSTEM32\WINHTTP.dll
0x00007ffc73790000 - 0x00007ffc737fa000 	C:\WINDOWS\system32\mswsock.dll
0x00007ffc66f70000 - 0x00007ffc66f86000 	C:\Program Files\Android\Android Studio\jbr\bin\nio.dll
0x00007ffc672a0000 - 0x00007ffc672b0000 	C:\Program Files\Android\Android Studio\jbr\bin\verify.dll
0x00007ffc5a5a0000 - 0x00007ffc5a5c7000 	C:\Users\4P_2\.gradle\native\c067742578af261105cb4f569cf0c3c89f3d7b1fecec35dd04571415982c5e48\windows-amd64\native-platform.dll
0x00007ffc2a310000 - 0x00007ffc2a454000 	C:\Users\4P_2\.gradle\native\100fb08df4bc3b14c8652ba06237920a3bd2aa13389f12d3474272988ae205f9\windows-amd64\native-platform-file-events.dll
0x00007ffc67ac0000 - 0x00007ffc67ac9000 	C:\Program Files\Android\Android Studio\jbr\bin\management.dll
0x00007ffc67720000 - 0x00007ffc6772b000 	C:\Program Files\Android\Android Studio\jbr\bin\management_ext.dll
0x00007ffc76ff0000 - 0x00007ffc76ff8000 	C:\WINDOWS\System32\PSAPI.DLL
0x00007ffc73b40000 - 0x00007ffc73b5c000 	C:\WINDOWS\SYSTEM32\CRYPTSP.dll
0x00007ffc731f0000 - 0x00007ffc7322a000 	C:\WINDOWS\system32\rsaenh.dll
0x00007ffc73830000 - 0x00007ffc7385b000 	C:\WINDOWS\SYSTEM32\USERENV.dll
0x00007ffc743a0000 - 0x00007ffc743c6000 	C:\WINDOWS\SYSTEM32\bcrypt.dll
0x00007ffc739c0000 - 0x00007ffc739cc000 	C:\WINDOWS\SYSTEM32\CRYPTBASE.dll
0x00007ffc72ca0000 - 0x00007ffc72cd3000 	C:\WINDOWS\SYSTEM32\IPHLPAPI.DLL
0x00007ffc75ea0000 - 0x00007ffc75eaa000 	C:\WINDOWS\System32\NSI.dll
0x00007ffc688c0000 - 0x00007ffc688c9000 	C:\Program Files\Android\Android Studio\jbr\bin\extnet.dll
0x00007ffc68ba0000 - 0x00007ffc68ba8000 	C:\WINDOWS\system32\wshunix.dll

dbghelp: loaded successfully - version: 4.0.5 - missing functions: none
symbol engine: initialized successfully - sym options: 0x614 - pdb path: .;C:\Program Files\Android\Android Studio\jbr\bin;C:\WINDOWS\SYSTEM32;C:\WINDOWS\WinSxS\amd64_microsoft.windows.common-controls_6595b64144ccf1df_6.0.26100.3624_none_3e086962e3345f24;C:\Program Files\Android\Android Studio\jbr\bin\server;C:\Users\4P_2\.gradle\native\c067742578af261105cb4f569cf0c3c89f3d7b1fecec35dd04571415982c5e48\windows-amd64;C:\Users\4P_2\.gradle\native\100fb08df4bc3b14c8652ba06237920a3bd2aa13389f12d3474272988ae205f9\windows-amd64

VM Arguments:
jvm_args: --add-opens=java.base/java.lang=ALL-UNNAMED --add-opens=java.base/java.lang.invoke=ALL-UNNAMED --add-opens=java.base/java.util=ALL-UNNAMED --add-opens=java.prefs/java.util.prefs=ALL-UNNAMED --add-exports=jdk.compiler/com.sun.tools.javac.api=ALL-UNNAMED --add-exports=jdk.compiler/com.sun.tools.javac.util=ALL-UNNAMED --add-opens=java.base/java.util=ALL-UNNAMED --add-opens=java.prefs/java.util.prefs=ALL-UNNAMED --add-opens=java.base/java.nio.charset=ALL-UNNAMED --add-opens=java.base/java.net=ALL-UNNAMED --add-opens=java.base/java.util.concurrent.atomic=ALL-UNNAMED --add-opens=java.xml/javax.xml.namespace=ALL-UNNAMED -Xmx2048m -Dfile.encoding=UTF-8 -Duser.country=PL -Duser.language=pl -Duser.variant -javaagent:C:\Users\4P_2\.gradle\wrapper\dists\gradle-8.11.1-bin\bpt9gzteqjrbo1mjrsomdt32c\gradle-8.11.1\lib\agents\gradle-instrumentation-agent-8.11.1.jar 
java_command: org.gradle.launcher.daemon.bootstrap.GradleDaemon 8.11.1
java_class_path (initial): C:\Users\4P_2\.gradle\wrapper\dists\gradle-8.11.1-bin\bpt9gzteqjrbo1mjrsomdt32c\gradle-8.11.1\lib\gradle-daemon-main-8.11.1.jar
Launcher Type: SUN_STANDARD

[Global flags]
     intx CICompilerCount                          = 4                                         {product} {ergonomic}
     uint ConcGCThreads                            = 3                                         {product} {ergonomic}
     uint G1ConcRefinementThreads                  = 10                                        {product} {ergonomic}
   size_t G1HeapRegionSize                         = 1048576                                   {product} {ergonomic}
    uintx GCDrainStackTargetSize                   = 64                                        {product} {ergonomic}
   size_t InitialHeapSize                          = 132120576                                 {product} {ergonomic}
   size_t MarkStackSize                            = 4194304                                   {product} {ergonomic}
   size_t MaxHeapSize                              = 2147483648                                {product} {command line}
   size_t MaxNewSize                               = 1287651328                                {product} {ergonomic}
   size_t MinHeapDeltaBytes                        = 1048576                                   {product} {ergonomic}
   size_t MinHeapSize                              = 8388608                                   {product} {ergonomic}
    uintx NonNMethodCodeHeapSize                   = 5839372                                {pd product} {ergonomic}
    uintx NonProfiledCodeHeapSize                  = 122909434                              {pd product} {ergonomic}
    uintx ProfiledCodeHeapSize                     = 122909434                              {pd product} {ergonomic}
    uintx ReservedCodeCacheSize                    = 251658240                              {pd product} {ergonomic}
     bool SegmentedCodeCache                       = true                                      {product} {ergonomic}
   size_t SoftMaxHeapSize                          = 2147483648                             {manageable} {ergonomic}
     bool UseCompressedOops                        = true                           {product lp64_product} {ergonomic}
     bool UseG1GC                                  = true                                      {product} {ergonomic}
     bool UseLargePagesIndividualAllocation        = false                                  {pd product} {ergonomic}

Logging:
Log output configuration:
 #0: stdout all=warning uptime,level,tags foldmultilines=false
 #1: stderr all=off uptime,level,tags foldmultilines=false

Environment Variables:
PATH=C:\Python313\Scripts\;C:\Python313\;C:\WINDOWS\system32;C:\WINDOWS;C:\WINDOWS\System32\Wbem;C:\WINDOWS\System32\WindowsPowerShell\v1.0\;C:\WINDOWS\System32\OpenSSH\;C:\Program Files\nodejs\;C:\ProgramData\chocolatey\bin;C:\Program Files\Git\cmd;C:\Program Files\Microsoft VS Code\bin;C:\Program Files\dotnet\;C:\Users\4P_2\AppData\Local\Microsoft\WindowsApps;C:\Users\4P_2\AppData\Local\GitHubDesktop\bin
USERNAME=4P_2
OS=Windows_NT
PROCESSOR_IDENTIFIER=Intel64 Family 6 Model 165 Stepping 3, GenuineIntel
TMP=C:\Users\4P_2\AppData\Local\Temp
TEMP=C:\Users\4P_2\AppData\Local\Temp




Periodic native trim disabled

JNI global refs:
JNI global refs: 24, weak refs: 0

JNI global refs memory usage: 835, weak refs: 833

Process memory usage:
Resident Set Size: 189512K (2% of 8130260K total physical memory with 684612K free physical memory)

OOME stack traces (most recent first):
Classloader memory used:
Loader bootstrap                                                                       : 16053K
Loader org.gradle.internal.classloader.VisitableURLClassLoader                         : 10185K
Loader org.gradle.initialization.MixInLegacyTypesClassLoader                           : 1113K
Loader jdk.internal.loader.ClassLoaders$AppClassLoader                                 : 234K
Loader jdk.internal.loader.ClassLoaders$PlatformClassLoader                            : 147K

Classes loaded by more than one classloader:
Class org.gradle.internal.classloader.FilteringClassLoader                            : loaded 2 times (x 101B)
Class org.gradle.internal.classloader.ClassLoaderHierarchy                            : loaded 2 times (x 66B)
Class org.gradle.api.internal.classpath.ManifestUtil                                  : loaded 2 times (x 67B)
Class org.gradle.internal.classloader.DefaultClassLoaderFactory                       : loaded 2 times (x 78B)
Class org.gradle.internal.classloader.ClassLoaderVisitor                              : loaded 2 times (x 72B)
Class org.gradle.api.internal.classpath.EffectiveClassPath                            : loaded 2 times (x 86B)
Class org.gradle.api.internal.DefaultClassPathProvider                                : loaded 2 times (x 72B)
Class [Lorg.gradle.api.internal.ClassPathProvider;                                    : loaded 2 times (x 65B)
Class org.gradle.api.internal.ClassPathProvider                                       : loaded 2 times (x 66B)
Class org.gradle.internal.service.UnknownServiceException                             : loaded 2 times (x 79B)
Class org.gradle.internal.classpath.TransformedClassPath                              : loaded 2 times (x 92B)
Class org.gradle.internal.classloader.InstrumentingClassLoader                        : loaded 2 times (x 66B)
Class org.gradle.internal.service.ServiceLocator                                      : loaded 2 times (x 66B)
Class org.gradle.internal.InternalTransformer                                         : loaded 2 times (x 66B)
Class org.gradle.internal.classloader.ClasspathUtil$1                                 : loaded 2 times (x 72B)
Class org.gradle.api.internal.classpath.DefaultModuleRegistry$DefaultModule           : loaded 2 times (x 82B)
Class org.gradle.api.internal.classpath.Module                                        : loaded 2 times (x 66B)
Class org.gradle.api.internal.classpath.UnknownModuleException                        : loaded 2 times (x 78B)
Class org.gradle.api.internal.DefaultClassPathRegistry                                : loaded 2 times (x 72B)
Class org.gradle.api.internal.ClassPathRegistry                                       : loaded 2 times (x 66B)
Class org.gradle.internal.classpath.DefaultClassPath$ImmutableUniqueList              : loaded 2 times (x 195B)
Class org.gradle.internal.classpath.ClassPath                                         : loaded 2 times (x 66B)
Class org.gradle.api.UncheckedIOException                                             : loaded 2 times (x 78B)
Class org.gradle.internal.installation.GradleInstallation$1                           : loaded 2 times (x 71B)
Class org.gradle.api.internal.classpath.ModuleRegistry                                : loaded 2 times (x 66B)
Class org.gradle.api.internal.classpath.DefaultModuleRegistry                         : loaded 2 times (x 82B)
Class org.gradle.internal.service.ServiceLookupException                              : loaded 2 times (x 78B)
Class org.gradle.internal.classloader.ClassLoaderFactory                              : loaded 2 times (x 66B)
Class org.gradle.internal.service.CachingServiceLocator                               : loaded 2 times (x 78B)
Class org.gradle.internal.classloader.ClasspathUtil                                   : loaded 2 times (x 67B)
Class org.gradle.api.specs.Spec                                                       : loaded 2 times (x 66B)
Class org.gradle.internal.classloader.VisitableURLClassLoader$InstrumentingVisitableURLClassLoader: loaded 2 times (x 119B)
Class org.gradle.internal.classloader.VisitableURLClassLoader$Spec                    : loaded 2 times (x 70B)
Class org.gradle.internal.classpath.DefaultClassPath                                  : loaded 2 times (x 86B)
Class org.gradle.internal.classloader.ClassLoaderSpec                                 : loaded 2 times (x 67B)
Class org.gradle.internal.classloader.VisitableURLClassLoader                         : loaded 2 times (x 113B)
Class org.gradle.internal.Cast                                                        : loaded 2 times (x 67B)
Class org.gradle.api.Action                                                           : loaded 2 times (x 66B)
Class org.gradle.internal.classpath.DefaultClassPath$ImmutableUniqueList$Builder      : loaded 2 times (x 71B)
Class org.gradle.api.GradleException                                                  : loaded 2 times (x 78B)
Class org.gradle.internal.IoActions                                                   : loaded 2 times (x 67B)
Class org.gradle.internal.classloader.SystemClassLoaderSpec                           : loaded 2 times (x 67B)
Class org.gradle.api.internal.classpath.GlobalCacheRootsProvider                      : loaded 2 times (x 66B)
Class org.gradle.internal.installation.CurrentGradleInstallationLocator               : loaded 2 times (x 67B)
Class org.gradle.internal.service.DefaultServiceLocator                               : loaded 2 times (x 79B)
Class org.gradle.internal.installation.CurrentGradleInstallation                      : loaded 2 times (x 69B)
Class org.gradle.util.internal.GUtil                                                  : loaded 2 times (x 67B)
Class org.gradle.internal.installation.GradleInstallation                             : loaded 2 times (x 71B)

---------------  S Y S T E M  ---------------

OS:
 Windows 11 , 64 bit Build 26100 (10.0.26100.3775)
OS uptime: 37 days 21:14 hours
Hyper-V role detected

CPU: total 12 (initial active 12) (6 cores per cpu, 2 threads per core) family 6 model 165 stepping 3 microcode 0xea, cx8, cmov, fxsr, ht, mmx, 3dnowpref, sse, sse2, sse3, ssse3, sse4.1, sse4.2, popcnt, lzcnt, tsc, tscinvbit, avx, avx2, aes, erms, clmul, bmi1, bmi2, adx, fma, vzeroupper, clflush, clflushopt, hv, rdtscp, f16c
Processor Information for all 12 processors :
  Max Mhz: 2901, Current Mhz: 2901, Mhz Limit: 2901

Memory: 4k page, system-wide physical 7939M (668M free)
TotalPageFile size 32515M (AvailPageFile size 14M)
current process WorkingSet (physical memory assigned to process): 185M, peak: 188M
current process commit charge ("private bytes"): 239M, peak: 255M

vm_info: OpenJDK 64-Bit Server VM (21.0.5+-12932927-b750.29) for windows-amd64 JRE (21.0.5+-12932927-b750.29), built on 2025-01-17T02:01:10Z by "builder" with MS VC++ 16.10 / 16.11 (VS2019)

END.
